MPLINK 5.08, LINKER
Linker Map File - Created Mon Aug 28 13:45:57 2017

                                 Section Info
                  Section       Type    Address   Location Size(Bytes)
                ---------  ---------  ---------  ---------  ---------
                 RES_VECT       code   0x000000    program   0x000002
                   .cinit    romdata   0x000001    program   0x000004
                MAIN_PROG       code   0x000003    program   0x000010
.config_0FFF_BUILD/DEFAULT/PRODUCTION/MAIN.O       code   0x000fff    program   0x000002
               .udata_shr      udata   0x00000d       data   0x000001



                              Program Memory Usage 
                               Start         End      
                           ---------   ---------      
                            0x000000    0x00000a      
                            0x000fff    0x000fff      
            12 out of 1029 program addresses used, program memory utilization is 1%



                              Symbols - Sorted by Name
                     Name    Address   Location    Storage File                     
                ---------  ---------  ---------  --------- ---------                
                    START   0x000003    program     static C:\Users\armst\Desktop\PIC16F506 Projects\A07_Sleep.X\main.asm
          _MAIN_PROG_0007   0x00000a    program     static C:\Users\armst\Desktop\PIC16F506 Projects\A07_Sleep.X\main.asm
                  wait_lo   0x000006    program     static C:\Users\armst\Desktop\PIC16F506 Projects\A07_Sleep.X\main.asm
                     sREG   0x00000d       data     static C:\Users\armst\Desktop\PIC16F506 Projects\A07_Sleep.X\main.asm



                              Symbols - Sorted by Address
                     Name    Address   Location    Storage File                     
                ---------  ---------  ---------  --------- ---------                
                    START   0x000003    program     static C:\Users\armst\Desktop\PIC16F506 Projects\A07_Sleep.X\main.asm
                  wait_lo   0x000006    program     static C:\Users\armst\Desktop\PIC16F506 Projects\A07_Sleep.X\main.asm
          _MAIN_PROG_0007   0x00000a    program     static C:\Users\armst\Desktop\PIC16F506 Projects\A07_Sleep.X\main.asm
                     sREG   0x00000d       data     static C:\Users\armst\Desktop\PIC16F506 Projects\A07_Sleep.X\main.asm


