Microchip MPLAB XC8 Compiler V2.46

Linker command line:

-W-3 \
  --edf=C:\Program Files\Microchip\xc8\v2.46\pic\dat\20240104201356_en.msgs \
  -cn -h+dist/default/production\31_LDR_Light.X.production.sym \
  --cmf=dist/default/production\31_LDR_Light.X.production.cmf -z -Q16F1718 \
  -oC:\Users\ARMSTR~1\AppData\Local\Temp\xcAs15u0.\driver_tmp_3.o \
  --defsym=__MPLAB_BUILD=1 --fixupoverflow=error \
  -Mdist/default/production/31_LDR_Light.X.production.map \
  --md=C:\Users\ARMSTR~1\AppData\Local\Temp\xcAs15u0.\driver_tmp_0.dat -E1 \
  -ver=XC8 Compiler --acfsm=1493 -ACODE=00h-07FFhx8 -ASTRCODE=00h-03FFFh \
  -ASTRING=00h-0FFhx64 -ACONST=00h-0FFhx64 -AENTRY=00h-0FFhx64 \
  -ACOMMON=070h-07Fh -ABANK0=020h-06Fh -ABANK1=0A0h-0EFh \
  -ABANK2=0120h-016Fh -ABANK3=01A0h-01EFh -ABANK4=0220h-026Fh \
  -ABANK5=02A0h-02EFh -ABANK6=0320h-036Fh -ABANK7=03A0h-03EFh \
  -ABANK8=0420h-046Fh -ABANK9=04A0h-04EFh -ABANK10=0520h-056Fh \
  -ABANK11=05A0h-05EFh -ABANK12=0620h-066Fh -ABANK13=06A0h-06EFh \
  -ABANK14=0720h-076Fh -ABANK15=07A0h-07EFh -ABANK16=0820h-086Fh \
  -ABANK17=08A0h-08EFh -ABANK18=0920h-096Fh -ABANK19=09A0h-09EFh \
  -ABANK20=0A20h-0A6Fh -ABANK21=0AA0h-0AEFh -ABANK22=0B20h-0B6Fh \
  -ABANK23=0BA0h-0BEFh -ABANK24=0C20h-0C6Fh -ABANK25=0CA0h-0CBFh \
  -ABIGRAM=02000h-027EFh \
  -ARAM=020h-06Fh,0A0h-0EFh,0120h-016Fh,01A0h-01EFh,0220h-026Fh,02A0h-02EFh,0320h-036Fh,03A0h-03EFh,0420h-046Fh,04A0h-04EFh,0520h-056Fh,05A0h-05EFh,0620h-066Fh,06A0h-06EFh,0720h-076Fh,07A0h-07EFh,0820h-086Fh,08A0h-08EFh,0920h-096Fh,09A0h-09EFh,0A20h-0A6Fh,0AA0h-0AEFh,0B20h-0B6Fh,0BA0h-0BEFh,0C20h-0C6Fh,0CA0h-0CBFh \
  -AABS1=020h-07Fh,0A0h-0EFh,0120h-016Fh,01A0h-01EFh,0220h-026Fh,02A0h-02EFh,0320h-036Fh,03A0h-03EFh,0420h-046Fh,04A0h-04EFh,0520h-056Fh,05A0h-05EFh,0620h-066Fh,06A0h-06EFh,0720h-076Fh,07A0h-07EFh,0820h-086Fh,08A0h-08EFh,0920h-096Fh,09A0h-09EFh,0A20h-0A6Fh,0AA0h-0AEFh,0B20h-0B6Fh,0BA0h-0BEFh,0C20h-0C6Fh,0CA0h-0CBFh \
  -ASFR0=00h-01Fh -ASFR1=080h-09Fh -ASFR2=0100h-011Fh -ASFR3=0180h-019Fh \
  -ASFR4=0200h-021Fh -ASFR5=0280h-029Fh -ASFR6=0300h-031Fh \
  -ASFR7=0380h-039Fh -ASFR8=0400h-041Fh -ASFR9=0480h-049Fh \
  -ASFR10=0500h-051Fh -ASFR11=0580h-059Fh -ASFR12=0600h-061Fh \
  -ASFR13=0680h-069Fh -ASFR14=0700h-071Fh -ASFR15=0780h-079Fh \
  -ASFR16=0800h-081Fh -ASFR17=0880h-089Fh -ASFR18=0900h-091Fh \
  -ASFR19=0980h-099Fh -ASFR20=0A00h-0A1Fh -ASFR21=0A80h-0A9Fh \
  -ASFR22=0B00h-0B1Fh -ASFR23=0B80h-0B9Fh -ASFR24=0C00h-0C1Fh \
  -ASFR25=0C80h-0C9Fh -ASFR26=0D00h-0D6Fh -ASFR27=0D80h-0DEFh \
  -ASFR28=0E00h-0E6Fh -ASFR29=0E80h-0EEFh -ASFR30=0F00h-0F6Fh \
  -ASFR31=0F80h-0FEFh -ACONFIG=08007h-08008h -DCONFIG=2 \
  -AIDLOC=08000h-08003h -DIDLOC=2 -DCODE=2 -DSTRCODE=2 -DSTRING=2 -DCONST=2 \
  -DENTRY=2 -preset_vec=00h,intentry,sivt,init,end_init -ppowerup=CODE \
  -pcinit=CODE -pfunctab=ENTRY -k \
  C:\Users\ARMSTR~1\AppData\Local\Temp\xcAs15u0.\driver_tmp_12.o \
  dist/default/production\31_LDR_Light.X.production.o 

Object code version is 3.11

Machine type is 16F1718



                Name                               Link     Load   Length Selector   Space Scale
C:\Users\ARMSTR~1\AppData\Local\Temp\xcAs15u0.\driver_tmp_12.o
                end_init                              2        2        2        0       0
                reset_vec                             0        0        2        0       0
                config                             8007     8007        2        0       4
dist/default/production\31_LDR_Light.X.production.o
                cinit                               7EE      7EE       12      FDC       0
                config                             8007     8007        2        0       4
                text34                              BE9      BE9        A     17D2       0
                text33                               33       33       5A       66       0
                text32                              151      151       6D      2A2       0
                text31                              BD9      BD9        7     17B2       0
                text30                              BFF      BFF       14     17FE       0
                text29                              C4A      C4A       1E     1894       0
                text28                              CCC      CCC       24     1998       0
                text27                              CF0      CF0       25     19E0       0
                text26                              CA9      CA9       23     1952       0
                text25                              D98      D98       32     1B30       0
                text24                              BD7      BD7        2     17AE       0
                text23                              F5D      F5D       50     1EBA       0
                text22                                5        5       2E        A       0
                text21                              C87      C87       22     190E       0
                text20                              C2E      C2E       1C     185C       0
                text19                              F10      F10       4D     1E20       0
                text18                              1BE      1BE       74      37C       0
                text17                              D3F      D3F       2C     1A7E       0
                text16                              2AD      2AD       90      55A       0
                text15                              232      232       7B      464       0
                text14                               8D       8D       5F      11A       0
                text13                              FAD      FAD       53     1F5A       0
                text12                              E7B      E7B       4A     1CF6       0
                text11                              DFE      DFE       3C     1BFC       0
                text10                              DCA      DCA       34     1B94       0
                text9                               D15      D15       2A     1A2A       0
                text8                               D6B      D6B       2D     1AD6       0
                text7                               C13      C13       1B     1826       0
                text6                               3D5      3D5      419      7AA       0
                text5                               E3A      E3A       41     1C74       0
                text4                               C68      C68       1F     18D0       0
                text3                                EC       EC       65      1D8       0
                text2                               BE0      BE0        9     17C0       0
                text1                               EC5      EC5       4B     1D8A       0
                maintext                            33D      33D       98      67A       0
                cstackBANK0                          20       20       50       20       1
                cstackCOMMON                         70       70        E       70       1
                cstackBANK1                          A0       A0       32       A0       1
                clrtext                             BF3      BF3        C     17E6       0
                bssBANK1                             D2       D2        3       A0       1
                stringtext4                        1010     1010        5     2000       0
                stringtext3                        100A     100A        6     2000       0
                stringtext2                         800      800      30A     1000       0
                stringtext1                        1000     1000        A     2000       0

TOTAL           Name                               Link     Load   Length     Space
        CLASS   CODE           
                end_init                              2        2        2         0
                cinit                               7EE      7EE       12         0
                reset_vec                             0        0        2         0
                text34                              BE9      BE9        A         0
                text33                               33       33       5A         0
                text32                              151      151       6D         0
                text31                              BD9      BD9        7         0
                text30                              BFF      BFF       14         0
                text29                              C4A      C4A       1E         0
                text28                              CCC      CCC       24         0
                text27                              CF0      CF0       25         0
                text26                              CA9      CA9       23         0
                text25                              D98      D98       32         0
                text24                              BD7      BD7        2         0
                text23                              F5D      F5D       50         0
                text22                                5        5       2E         0
                text21                              C87      C87       22         0
                text20                              C2E      C2E       1C         0
                text19                              F10      F10       4D         0
                text18                              1BE      1BE       74         0
                text17                              D3F      D3F       2C         0
                text16                              2AD      2AD       90         0
                text15                              232      232       7B         0
                text14                               8D       8D       5F         0
                text13                              FAD      FAD       53         0
                text12                              E7B      E7B       4A         0
                text11                              DFE      DFE       3C         0
                text10                              DCA      DCA       34         0
                text9                               D15      D15       2A         0
                text8                               D6B      D6B       2D         0
                text7                               C13      C13       1B         0
                text6                               3D5      3D5      419         0
                text5                               E3A      E3A       41         0
                text4                               C68      C68       1F         0
                text3                                EC       EC       65         0
                text2                               BE0      BE0        9         0
                text1                               EC5      EC5       4B         0
                maintext                            33D      33D       98         0
                clrtext                             BF3      BF3        C         0

        CLASS   STRCODE        
                stringtext4                        1010     1010        5         0
                stringtext3                        100A     100A        6         0
                stringtext2                         800      800      30A         0
                stringtext1                        1000     1000        A         0

        CLASS   STRING         

        CLASS   CONST          

        CLASS   ENTRY          

        CLASS   COMMON         
                cstackCOMMON                         70       70        E         1

        CLASS   BANK0          
                cstackBANK0                          20       20       50         1

        CLASS   BANK1          
                cstackBANK1                          A0       A0       32         1
                bssBANK1                             D2       D2        3         1

        CLASS   BANK2          

        CLASS   BANK3          

        CLASS   BANK4          

        CLASS   BANK5          

        CLASS   BANK6          

        CLASS   BANK7          

        CLASS   BANK8          

        CLASS   BANK9          

        CLASS   BANK10         

        CLASS   BANK11         

        CLASS   BANK12         

        CLASS   BANK13         

        CLASS   BANK14         

        CLASS   BANK15         

        CLASS   BANK16         

        CLASS   BANK17         

        CLASS   BANK18         

        CLASS   BANK19         

        CLASS   BANK20         

        CLASS   BANK21         

        CLASS   BANK22         

        CLASS   BANK23         

        CLASS   BANK24         

        CLASS   BANK25         

        CLASS   BIGRAM         

        CLASS   RAM            

        CLASS   ABS1           
                abs_s1                               7E       7E        2         1
                abs_s1                              7E0      7E0       10         1
                abs_s1                              820      820       50         1
                abs_s1                              8A0      8A0       50         1
                abs_s1                              920      920       50         1
                abs_s1                              9A0      9A0       50         1
                abs_s1                              A20      A20       50         1
                abs_s1                              AA0      AA0       50         1
                abs_s1                              B20      B20       50         1
                abs_s1                              BA0      BA0       50         1
                abs_s1                              C20      C20       50         1
                abs_s1                              CA0      CA0       20         1
                abs_s1                             24F0     24F0        0         1
                abs_s1                             26F0     26F0        0         1

        CLASS   SFR0           

        CLASS   SFR1           

        CLASS   SFR2           

        CLASS   SFR3           

        CLASS   SFR4           

        CLASS   SFR5           

        CLASS   SFR6           

        CLASS   SFR7           

        CLASS   SFR8           

        CLASS   SFR9           

        CLASS   SFR10          

        CLASS   SFR11          

        CLASS   SFR12          

        CLASS   SFR13          

        CLASS   SFR14          

        CLASS   SFR15          

        CLASS   SFR16          

        CLASS   SFR17          

        CLASS   SFR18          

        CLASS   SFR19          

        CLASS   SFR20          

        CLASS   SFR21          

        CLASS   SFR22          

        CLASS   SFR23          

        CLASS   SFR24          

        CLASS   SFR25          

        CLASS   SFR26          

        CLASS   SFR27          

        CLASS   SFR28          

        CLASS   SFR29          

        CLASS   SFR30          

        CLASS   SFR31          

        CLASS   CONFIG         
                config                             8007     8007        2         4

        CLASS   IDLOC          

        CLASS   BANK31         

        CLASS   BANK30         

        CLASS   BANK29         

        CLASS   BANK28         

        CLASS   BANK27         

        CLASS   BANK26         

        CLASS   HEAP           

        CLASS   STACK          

        CLASS   EEDATA         



SEGMENTS        Name                           Load    Length   Top    Selector   Space  Class     Delta

                reset_vec                      000000  000004  000004         0       0  CODE        2
                text22                         000005  00002E  000033         A       0  CODE        2
                cstackBANK0                    000020  000050  000070        20       1  BANK0       1
                text33                         000033  00005A  00008D        66       0  CODE        2
                cstackCOMMON                   000070  00000E  00007E        70       1  COMMON      1
                cstackBANK1                    0000A0  000035  0000D5        A0       1  BANK1       1
                text14                         00008D  00005F  0000EC       11A       0  CODE        2
                text3                          0000EC  000065  000151       1D8       0  CODE        2
                text32                         000151  00006D  0001BE       2A2       0  CODE        2
                text18                         0001BE  000074  000232       37C       0  CODE        2
                text15                         000232  00007B  0002AD       464       0  CODE        2
                text16                         0002AD  000090  00033D       55A       0  CODE        2
                maintext                       00033D  000098  0003D5       67A       0  CODE        2
                text6                          0003D5  000419  0007EE       7AA       0  CODE        2
                cinit                          0007EE  000012  000800       FDC       0  CODE        2
                stringtext2                    000800  00030A  000B0A      1000       0  STRCODE     2
                text24                         000BD7  000002  000BD9      17AE       0  CODE        2
                text31                         000BD9  000007  000BE0      17B2       0  CODE        2
                text2                          000BE0  000009  000BE9      17C0       0  CODE        2
                text34                         000BE9  00000A  000BF3      17D2       0  CODE        2
                clrtext                        000BF3  00000C  000BFF      17E6       0  CODE        2
                text30                         000BFF  000014  000C13      17FE       0  CODE        2
                text7                          000C13  00001B  000C2E      1826       0  CODE        2
                text20                         000C2E  00001C  000C4A      185C       0  CODE        2
                text29                         000C4A  00001E  000C68      1894       0  CODE        2
                text4                          000C68  00001F  000C87      18D0       0  CODE        2
                text21                         000C87  000022  000CA9      190E       0  CODE        2
                text26                         000CA9  000023  000CCC      1952       0  CODE        2
                text28                         000CCC  000024  000CF0      1998       0  CODE        2
                text27                         000CF0  000025  000D15      19E0       0  CODE        2
                text9                          000D15  00002A  000D3F      1A2A       0  CODE        2
                text17                         000D3F  00002C  000D6B      1A7E       0  CODE        2
                text8                          000D6B  00002D  000D98      1AD6       0  CODE        2
                text25                         000D98  000032  000DCA      1B30       0  CODE        2
                text10                         000DCA  000034  000DFE      1B94       0  CODE        2
                text11                         000DFE  00003C  000E3A      1BFC       0  CODE        2
                text5                          000E3A  000041  000E7B      1C74       0  CODE        2
                text12                         000E7B  00004A  000EC5      1CF6       0  CODE        2
                text1                          000EC5  00004B  000F10      1D8A       0  CODE        2
                text19                         000F10  00004D  000F5D      1E20       0  CODE        2
                text23                         000F5D  000050  000FAD      1EBA       0  CODE        2
                text13                         000FAD  000053  001000      1F5A       0  CODE        2
                stringtext1                    001000  000015  001015      2000       0  STRCODE     2


UNUSED ADDRESS RANGES

        Name                Unused          Largest block    Delta
        BANK1            000D5-000EF              1B           1
        BANK10           00520-0056F              50           1
        BANK11           005A0-005EF              50           1
        BANK12           00620-0066F              50           1
        BANK13           006A0-006EF              50           1
        BANK14           00720-0076F              50           1
        BANK15           007A0-007DF              40           1
        BANK2            00120-0016F              50           1
        BANK3            001A0-001EF              50           1
        BANK4            00220-0026F              50           1
        BANK5            002A0-002EF              50           1
        BANK6            00320-0036F              50           1
        BANK7            003A0-003EF              50           1
        BANK8            00420-0046F              50           1
        BANK9            004A0-004EF              50           1
        BIGRAM           02000-027EF             7F0           1
        CODE             00004-00004               1           2
                         00B0A-00BD6              CD
                         01015-03FFF             800
        CONST            00004-00004               1           2
                         00B0A-00BD6              CD
                         01015-03FFF             100
        ENTRY            00004-00004               1           2
                         00B0A-00BD6              CD
                         01015-03FFF             100
        IDLOC            08000-08003               4           2
        RAM              000D5-000EF              1B           1
                         00120-0016F              50
                         001A0-001EF              50
                         00220-0026F              50
                         002A0-002EF              50
                         00320-0036F              50
                         003A0-003EF              50
                         00420-0046F              50
                         004A0-004EF              50
                         00520-0056F              50
                         005A0-005EF              50
                         00620-0066F              50
                         006A0-006EF              50
                         00720-0076F              50
                         007A0-007DF              40
        SFR0             00000-0001F              20           1
        SFR1             00080-0009F              20           1
        SFR10            00500-0051F              20           1
        SFR11            00580-0059F              20           1
        SFR12            00600-0061F              20           1
        SFR13            00680-0069F              20           1
        SFR14            00700-0071F              20           1
        SFR15            00780-0079F              20           1
        SFR16            00800-0081F              20           1
        SFR17            00880-0089F              20           1
        SFR18            00900-0091F              20           1
        SFR19            00980-0099F              20           1
        SFR2             00100-0011F              20           1
        SFR20            00A00-00A1F              20           1
        SFR21            00A80-00A9F              20           1
        SFR22            00B00-00B1F              20           1
        SFR23            00B80-00B9F              20           1
        SFR24            00C00-00C1F              20           1
        SFR25            00C80-00C9F              20           1
        SFR26            00D00-00D6F              70           1
        SFR27            00D80-00DEF              70           1
        SFR28            00E00-00E6F              70           1
        SFR29            00E80-00EEF              70           1
        SFR3             00180-0019F              20           1
        SFR30            00F00-00F6F              70           1
        SFR31            00F80-00FEF              70           1
        SFR4             00200-0021F              20           1
        SFR5             00280-0029F              20           1
        SFR6             00300-0031F              20           1
        SFR7             00380-0039F              20           1
        SFR8             00400-0041F              20           1
        SFR9             00480-0049F              20           1
        STRCODE          00004-00004               1           2
                         00B0A-00BD6              CD
                         01015-03FFF            2FEB
        STRING           00004-00004               1           2
                         00B0A-00BD6              CD
                         01015-03FFF             100

                                  Symbol Table

?_ADC_Read_Averaged          cstackBANK0  00020
?_OLED_Printf_Line           cstackBANK0  00026
?___aldiv                    cstackCOMMON 00070
?___almod                    cstackCOMMON 00070
?___awdiv                    cstackCOMMON 00070
?___awmod                    cstackCOMMON 00070
?___lldiv                    cstackCOMMON 00070
?___llmod                    cstackCOMMON 00070
?___lwdiv                    cstackCOMMON 00070
?___lwmod                    cstackCOMMON 00070
?___wmul                     cstackCOMMON 00070
?_strcmp                     cstackCOMMON 00070
ADC_ConfigurePin@channel     cstackCOMMON 00072
ADC_Read_Averaged@channel    cstackBANK0  00026
ADC_Read_Averaged@i          cstackBANK0  0002B
ADC_Read_Averaged@samples    cstackBANK0  00020
ADC_Read_Averaged@sum        cstackBANK0  00027
I2C_Start@st                 cstackCOMMON 00073
I2C_Stop@st                  cstackCOMMON 00073
I2C_WaitIF@timeout_ms        cstackCOMMON 00070
I2C_WaitIdle@timeout_ms      cstackCOMMON 00070
I2C_WriteByte@data           cstackCOMMON 00073
I2C_WriteByte@st             cstackCOMMON 00074
OLED_Clear@p                 cstackCOMMON 0007C
OLED_Command@cmd             cstackCOMMON 00075
OLED_Command@st              cstackCOMMON 00076
OLED_Printf_Line@ap          cstackBANK1  000C8
OLED_Printf_Line@buf         cstackBANK0  0004C
OLED_Printf_Line@ch          cstackBANK1  000BB
OLED_Printf_Line@col         cstackBANK1  000B2
OLED_Printf_Line@dst         cstackBANK1  000CB
OLED_Printf_Line@fmt         cstackBANK0  00026
OLED_Printf_Line@i           cstackBANK1  000BC
OLED_Printf_Line@i_352       cstackBANK1  000BD
OLED_Printf_Line@i_355       cstackBANK1  000BE
OLED_Printf_Line@i_358       cstackBANK1  000BF
OLED_Printf_Line@i_361       cstackBANK1  000C0
OLED_Printf_Line@last_text   (abs)        026F0
OLED_Printf_Line@line        cstackBANK1  000C7
OLED_Printf_Line@nibble      cstackBANK1  000BA
OLED_Printf_Line@p           cstackBANK1  000B3
OLED_Printf_Line@src         cstackBANK1  000C9
OLED_Printf_Line@str         cstackBANK1  000B1
OLED_Printf_Line@temp        cstackBANK1  000A0
OLED_Printf_Line@temp_351    cstackBANK0  00036
OLED_Printf_Line@temp_354    cstackBANK0  00041
OLED_Printf_Line@temp_357    cstackBANK1  000A6
OLED_Printf_Line@temp_360    cstackBANK1  000AC
OLED_Printf_Line@val         cstackBANK1  000C5
OLED_Printf_Line@val_350     cstackBANK1  000B4
OLED_Printf_Line@val_353     cstackBANK1  000C1
OLED_Printf_Line@val_356     cstackBANK1  000B8
OLED_Printf_Line@val_359     cstackBANK0  0006E
OLED_SetOrientation@o        cstackCOMMON 00079
OLED_UpdateLine@page         cstackCOMMON 0007C
OLED_WriteData@data          cstackCOMMON 00075
OLED_WriteData@i             cstackCOMMON 00079
OLED_WriteData@len           cstackCOMMON 00077
OLED_WriteData@st            cstackCOMMON 0007B
OLED_YX@col                  cstackCOMMON 0007A
OLED_YX@col_char             cstackCOMMON 00077
OLED_YX@page                 cstackCOMMON 00079
_ADCON0bits                  (abs)        0009D
_ADCON1bits                  (abs)        0009E
_ADC_ConfigurePin            text3        000EC
_ADC_Init                    text34       00BE9
_ADC_Read_Averaged           text32       00151
_ADRESH                      (abs)        0009C
_ADRESL                      (abs)        0009B
_ANSELAbits                  (abs)        0018C
_ANSELBbits                  (abs)        0018D
_ANSELCbits                  (abs)        0018E
_BatteryIcon                 stringtext1  01000
_I2C_ClearErrors             text31       00BD9
_I2C_Init                    text30       00BFF
_I2C_Start                   text27       00CF0
_I2C_Stop                    text26       00CA9
_I2C_WaitIF                  text29       00C4A
_I2C_WaitIdle                text28       00CCC
_I2C_WriteByte               text25       00D98
_IRCF0                       (abs)        004CB
_IRCF1                       (abs)        004CC
_IRCF2                       (abs)        004CD
_IRCF3                       (abs)        004CE
_OLED_Clear                  text19       00F10
_OLED_Command                text22       00005
_OLED_Init                   text18       001BE
_OLED_Printf_Line            text6        003D5
_OLED_Printf_Line$363        cstackBANK0  0006C
_OLED_SetOrientation         text5        00E3A
_OLED_UpdateLine             text17       00D3F
_OLED_WriteData              text23       00F5D
_OLED_YX                     text21       00C87
_OledFont                    stringtext2  00800
_PIR1bits                    (abs)        00011
_PIR2bits                    (abs)        00012
_PPSLOCK                     (abs)        00E0F
_PPSLOCKbits                 (abs)        00E0F
_RB2PPSbits                  (abs)        00E9A
_RC4PPSbits                  (abs)        00EA4
_RC5PPSbits                  (abs)        00EA5
_RXPPSbits                   (abs)        00E24
_SCS0                        (abs)        004C8
_SCS1                        (abs)        004C9
_SPLLEN                      (abs)        004CF
_SSD1306_CtrlW               text24       00BD7
_SSPADD                      (abs)        00212
_SSPBUF                      (abs)        00211
_SSPCLKPPSbits               (abs)        00E20
_SSPCON1bits                 (abs)        00215
_SSPCON2                     (abs)        00216
_SSPCON2bits                 (abs)        00216
_SSPCONbits                  (abs)        00215
_SSPDATPPSbits               (abs)        00E21
_SSPSTATbits                 (abs)        00214
_TRISAbits                   (abs)        0008C
_TRISBbits                   (abs)        0008D
_TRISCbits                   (abs)        0008E
__H__absolute__              __absolute__ 00000
__Habs1                      abs1         00000
__Hbank0                     bank0        00000
__Hbank1                     bank1        00000
__Hbank10                    bank10       00000
__Hbank11                    bank11       00000
__Hbank12                    bank12       00000
__Hbank13                    bank13       00000
__Hbank14                    bank14       00000
__Hbank15                    bank15       00000
__Hbank16                    bank16       00000
__Hbank17                    bank17       00000
__Hbank18                    bank18       00000
__Hbank19                    bank19       00000
__Hbank2                     bank2        00000
__Hbank20                    bank20       00000
__Hbank21                    bank21       00000
__Hbank22                    bank22       00000
__Hbank23                    bank23       00000
__Hbank24                    bank24       00000
__Hbank25                    bank25       00000
__Hbank26                    bank26       00000
__Hbank27                    bank27       00000
__Hbank28                    bank28       00000
__Hbank29                    bank29       00000
__Hbank3                     bank3        00000
__Hbank30                    bank30       00000
__Hbank31                    bank31       00000
__Hbank4                     bank4        00000
__Hbank5                     bank5        00000
__Hbank6                     bank6        00000
__Hbank7                     bank7        00000
__Hbank8                     bank8        00000
__Hbank9                     bank9        00000
__Hbigram                    bigram       00000
__HbssBANK1                  bssBANK1     00000
__Hcinit                     cinit        00800
__Hclrtext                   clrtext      00000
__Hcode                      code         00000
__Hcommon                    common       00000
__Hconfig                    config       08009
__HcstackBANK0               cstackBANK0  00000
__HcstackBANK1               cstackBANK1  00000
__HcstackCOMMON              cstackCOMMON 00000
__Heeprom_data               eeprom_data  00000
__Hend_init                  end_init     00004
__Hfunctab                   functab      00000
__Hheap                      heap         00000
__Hinit                      init         00002
__Hintentry                  intentry     00002
__Hmaintext                  maintext     00000
__Hpowerup                   powerup      00000
__Hram                       ram          00000
__Hreset_vec                 reset_vec    00002
__Hsfr0                      sfr0         00000
__Hsfr1                      sfr1         00000
__Hsfr10                     sfr10        00000
__Hsfr11                     sfr11        00000
__Hsfr12                     sfr12        00000
__Hsfr13                     sfr13        00000
__Hsfr14                     sfr14        00000
__Hsfr15                     sfr15        00000
__Hsfr16                     sfr16        00000
__Hsfr17                     sfr17        00000
__Hsfr18                     sfr18        00000
__Hsfr19                     sfr19        00000
__Hsfr2                      sfr2         00000
__Hsfr20                     sfr20        00000
__Hsfr21                     sfr21        00000
__Hsfr22                     sfr22        00000
__Hsfr23                     sfr23        00000
__Hsfr24                     sfr24        00000
__Hsfr25                     sfr25        00000
__Hsfr26                     sfr26        00000
__Hsfr27                     sfr27        00000
__Hsfr28                     sfr28        00000
__Hsfr29                     sfr29        00000
__Hsfr3                      sfr3         00000
__Hsfr30                     sfr30        00000
__Hsfr31                     sfr31        00000
__Hsfr4                      sfr4         00000
__Hsfr5                      sfr5         00000
__Hsfr6                      sfr6         00000
__Hsfr7                      sfr7         00000
__Hsfr8                      sfr8         00000
__Hsfr9                      sfr9         00000
__Hsivt                      sivt         00002
__Hspace_0                   (abs)        01015
__Hspace_1                   (abs)        000D5
__Hspace_2                   (abs)        00000
__Hspace_3                   (abs)        00000
__Hspace_4                   (abs)        10010
__Hstack                     stack        00000
__Hstrings                   strings      00000
__Hstringtext1               stringtext1  00000
__Hstringtext2               stringtext2  00000
__Hstringtext3               stringtext3  00000
__Hstringtext4               stringtext4  00000
__Hstringtext5               stringtext5  00000
__Htext                      text         00000
__L__absolute__              __absolute__ 00000
__Labs1                      abs1         00000
__Lbank0                     bank0        00000
__Lbank1                     bank1        00000
__Lbank10                    bank10       00000
__Lbank11                    bank11       00000
__Lbank12                    bank12       00000
__Lbank13                    bank13       00000
__Lbank14                    bank14       00000
__Lbank15                    bank15       00000
__Lbank16                    bank16       00000
__Lbank17                    bank17       00000
__Lbank18                    bank18       00000
__Lbank19                    bank19       00000
__Lbank2                     bank2        00000
__Lbank20                    bank20       00000
__Lbank21                    bank21       00000
__Lbank22                    bank22       00000
__Lbank23                    bank23       00000
__Lbank24                    bank24       00000
__Lbank25                    bank25       00000
__Lbank26                    bank26       00000
__Lbank27                    bank27       00000
__Lbank28                    bank28       00000
__Lbank29                    bank29       00000
__Lbank3                     bank3        00000
__Lbank30                    bank30       00000
__Lbank31                    bank31       00000
__Lbank4                     bank4        00000
__Lbank5                     bank5        00000
__Lbank6                     bank6        00000
__Lbank7                     bank7        00000
__Lbank8                     bank8        00000
__Lbank9                     bank9        00000
__Lbigram                    bigram       00000
__LbssBANK1                  bssBANK1     00000
__Lcinit                     cinit        007EE
__Lclrtext                   clrtext      00000
__Lcode                      code         00000
__Lcommon                    common       00000
__Lconfig                    config       00000
__LcstackBANK0               cstackBANK0  00000
__LcstackBANK1               cstackBANK1  00000
__LcstackCOMMON              cstackCOMMON 00000
__Leeprom_data               eeprom_data  00000
__Lend_init                  end_init     00002
__Lfunctab                   functab      00000
__Lheap                      heap         00000
__Linit                      init         00002
__Lintentry                  intentry     00002
__Lmaintext                  maintext     00000
__Lpowerup                   powerup      00000
__Lram                       ram          00000
__Lreset_vec                 reset_vec    00000
__Lsfr0                      sfr0         00000
__Lsfr1                      sfr1         00000
__Lsfr10                     sfr10        00000
__Lsfr11                     sfr11        00000
__Lsfr12                     sfr12        00000
__Lsfr13                     sfr13        00000
__Lsfr14                     sfr14        00000
__Lsfr15                     sfr15        00000
__Lsfr16                     sfr16        00000
__Lsfr17                     sfr17        00000
__Lsfr18                     sfr18        00000
__Lsfr19                     sfr19        00000
__Lsfr2                      sfr2         00000
__Lsfr20                     sfr20        00000
__Lsfr21                     sfr21        00000
__Lsfr22                     sfr22        00000
__Lsfr23                     sfr23        00000
__Lsfr24                     sfr24        00000
__Lsfr25                     sfr25        00000
__Lsfr26                     sfr26        00000
__Lsfr27                     sfr27        00000
__Lsfr28                     sfr28        00000
__Lsfr29                     sfr29        00000
__Lsfr3                      sfr3         00000
__Lsfr30                     sfr30        00000
__Lsfr31                     sfr31        00000
__Lsfr4                      sfr4         00000
__Lsfr5                      sfr5         00000
__Lsfr6                      sfr6         00000
__Lsfr7                      sfr7         00000
__Lsfr8                      sfr8         00000
__Lsfr9                      sfr9         00000
__Lsivt                      sivt         00002
__Lspace_0                   (abs)        00000
__Lspace_1                   (abs)        00000
__Lspace_2                   (abs)        00000
__Lspace_3                   (abs)        00000
__Lspace_4                   (abs)        00000
__Lstack                     stack        00000
__Lstrings                   strings      00000
__Lstringtext1               stringtext1  00000
__Lstringtext2               stringtext2  00000
__Lstringtext3               stringtext3  00000
__Lstringtext4               stringtext4  00000
__Lstringtext5               stringtext5  00000
__Ltext                      text         00000
__S0                         (abs)        01015
__S1                         (abs)        000D5
___aldiv                     text16       002AD
___aldiv@counter             cstackBANK0  00020
___aldiv@dividend            cstackCOMMON 00074
___aldiv@divisor             cstackCOMMON 00070
___aldiv@quotient            cstackBANK0  00022
___aldiv@sign                cstackBANK0  00021
___almod                     text15       00232
___almod@counter             cstackCOMMON 00079
___almod@dividend            cstackCOMMON 00074
___almod@divisor             cstackCOMMON 00070
___almod@sign                cstackCOMMON 0007A
___awdiv                     text14       0008D
___awdiv@counter             cstackCOMMON 00075
___awdiv@dividend            cstackCOMMON 00072
___awdiv@divisor             cstackCOMMON 00070
___awdiv@quotient            cstackCOMMON 00077
___awdiv@sign                cstackCOMMON 00076
___awmod                     text13       00FAD
___awmod@counter             cstackCOMMON 00075
___awmod@dividend            cstackCOMMON 00072
___awmod@divisor             cstackCOMMON 00070
___awmod@sign                cstackCOMMON 00076
___heap_hi                   (abs)        00000
___heap_lo                   (abs)        00000
___int_sp                    stack        00000
___int_stack_hi              stack        00000
___int_stack_lo              stack        00000
___latbits                   (abs)        00003
___lldiv                     text33       00033
___lldiv@counter             cstackCOMMON 0007D
___lldiv@dividend            cstackCOMMON 00074
___lldiv@divisor             cstackCOMMON 00070
___lldiv@quotient            cstackCOMMON 00079
___llmod                     text12       00E7B
___llmod@counter             cstackCOMMON 00079
___llmod@dividend            cstackCOMMON 00074
___llmod@divisor             cstackCOMMON 00070
___lwdiv                     text11       00DFE
___lwdiv@counter             cstackCOMMON 00077
___lwdiv@dividend            cstackCOMMON 00072
___lwdiv@divisor             cstackCOMMON 00070
___lwdiv@quotient            cstackCOMMON 00075
___lwmod                     text10       00DCA
___lwmod@counter             cstackCOMMON 00075
___lwmod@dividend            cstackCOMMON 00072
___lwmod@divisor             cstackCOMMON 00070
___sp                        stack        00000
___stack_hi                  stack        00000
___stack_lo                  stack        00000
___stackhi                   (abs)        00000
___stacklo                   (abs)        00000
___wmul                      text4        00C68
___wmul@multiplicand         cstackCOMMON 00072
___wmul@multiplier           cstackCOMMON 00070
___wmul@product              cstackCOMMON 00074
__end_of_ADC_ConfigurePin    text3        00151
__end_of_ADC_Init            text34       00BF3
__end_of_ADC_Read_Averaged   text32       001BE
__end_of_BatteryIcon         stringtext1  0100A
__end_of_I2C_ClearErrors     text31       00BE0
__end_of_I2C_Init            text30       00C13
__end_of_I2C_Start           text27       00D15
__end_of_I2C_Stop            text26       00CCC
__end_of_I2C_WaitIF          text29       00C68
__end_of_I2C_WaitIdle        text28       00CF0
__end_of_I2C_WriteByte       text25       00DCA
__end_of_OLED_Clear          text19       00F5D
__end_of_OLED_Command        text22       00033
__end_of_OLED_Init           text18       00232
__end_of_OLED_Printf_Line    text6        007EE
__end_of_OLED_SetOrientation text5        00E7B
__end_of_OLED_UpdateLine     text17       00D6B
__end_of_OLED_WriteData      text23       00FAD
__end_of_OLED_YX             text21       00CA9
__end_of_OledFont            stringtext2  00B00
__end_of_SSD1306_CtrlW       text24       00BD9
__end_of___aldiv             text16       0033D
__end_of___almod             text15       002AD
__end_of___awdiv             text14       000EC
__end_of___awmod             text13       01000
__end_of___lldiv             text33       0008D
__end_of___llmod             text12       00EC5
__end_of___lwdiv             text11       00E3A
__end_of___lwmod             text10       00DFE
__end_of___wmul              text4        00C87
__end_of__initialization     cinit        007FD
__end_of_initMain            text1        00F10
__end_of_internal_32         text2        00BE9
__end_of_main                maintext     003D5
__end_of_memcpy              text9        00D3F
__end_of_memset              text20       00C4A
__end_of_strcmp              text8        00D98
__end_of_strcpy              text7        00C2E
__initialization             cinit        007EE
__pbssBANK1                  bssBANK1     000D2
__pbssBIGRAM                 (abs)        024F0
__pcstackBANK0               cstackBANK0  00020
__pcstackBANK1               cstackBANK1  000A0
__pcstackCOMMON              cstackCOMMON 00070
__pmaintext                  maintext     0033D
__pstringtext1               stringtext1  01000
__pstringtext2               stringtext2  00800
__pstringtext3               stringtext3  0100A
__pstringtext4               stringtext4  01010
__pstringtext5               stringtext5  00000
__ptext1                     text1        00EC5
__ptext10                    text10       00DCA
__ptext11                    text11       00DFE
__ptext12                    text12       00E7B
__ptext13                    text13       00FAD
__ptext14                    text14       0008D
__ptext15                    text15       00232
__ptext16                    text16       002AD
__ptext17                    text17       00D3F
__ptext18                    text18       001BE
__ptext19                    text19       00F10
__ptext2                     text2        00BE0
__ptext20                    text20       00C2E
__ptext21                    text21       00C87
__ptext22                    text22       00005
__ptext23                    text23       00F5D
__ptext24                    text24       00BD7
__ptext25                    text25       00D98
__ptext26                    text26       00CA9
__ptext27                    text27       00CF0
__ptext28                    text28       00CCC
__ptext29                    text29       00C4A
__ptext3                     text3        000EC
__ptext30                    text30       00BFF
__ptext31                    text31       00BD9
__ptext32                    text32       00151
__ptext33                    text33       00033
__ptext34                    text34       00BE9
__ptext4                     text4        00C68
__ptext5                     text5        00E3A
__ptext6                     text6        003D5
__ptext7                     text7        00C13
__ptext8                     text8        00D6B
__ptext9                     text9        00D15
_initMain                    text1        00EC5
_internal_32                 text2        00BE0
_main                        maintext     0033D
_main$731                    cstackBANK1  000D0
_memcpy                      text9        00D15
_memset                      text20       00C2E
_screen_buffer               (abs)        024F0
_strcmp                      text8        00D6B
_strcpy                      text7        00C13
btemp                        (abs)        0007E
clear_ram0                   clrtext      00BF3
end_of_initialization        cinit        007FD
intlevel0                    functab      00000
intlevel1                    functab      00000
intlevel2                    functab      00000
intlevel3                    functab      00000
intlevel4                    functab      00000
intlevel5                    functab      00000
main@adc                     cstackBANK1  000CE
main@filt                    bssBANK1     000D2
main@isDark                  bssBANK1     000D4
memcpy@d                     cstackCOMMON 00076
memcpy@d1                    cstackCOMMON 00070
memcpy@n                     cstackCOMMON 00074
memcpy@s                     cstackCOMMON 00078
memcpy@s1                    cstackCOMMON 00072
memcpy@tmp                   cstackCOMMON 0007A
memset@c                     cstackCOMMON 00072
memset@dest                  cstackCOMMON 00070
memset@n                     cstackCOMMON 00074
memset@p                     cstackCOMMON 00076
reset_vec                    reset_vec    00000
start                        init         00002
start_initialization         cinit        007EE
strcmp@l                     cstackCOMMON 00073
strcmp@r                     cstackCOMMON 00070
strcpy@d                     cstackCOMMON 00075
strcpy@dest                  cstackCOMMON 00070
strcpy@src                   cstackCOMMON 00072
wtemp0                       (abs)        0007E


MODULE INFORMATION

Module		Function		Class		Link	Load	Size
C:\Program Files\Microchip\xc8\v2.46\pic\sources\c99\common\lwdiv.c
		___lwdiv       		CODE           	0DFE	0000	60

C:\Program Files\Microchip\xc8\v2.46\pic\sources\c99\common\lwdiv.c estimated size: 60

./ADC.h
		_ADC_Read_Averaged		CODE           	0151	0000	109
		_ADC_ConfigurePin		CODE           	00EC	0000	101
		_ADC_Init      		CODE           	0BE9	0000	10

./ADC.h estimated size: 220

C:\Program Files\Microchip\xc8\v2.46\pic\sources\c99\common\awdiv.c
		___awdiv       		CODE           	008D	0000	95

C:\Program Files\Microchip\xc8\v2.46\pic\sources\c99\common\awdiv.c estimated size: 95

C:\Program Files\Microchip\xc8\v2.46\pic\sources\c99\common\aldiv.c
		___aldiv       		CODE           	02AD	0000	144

C:\Program Files\Microchip\xc8\v2.46\pic\sources\c99\common\aldiv.c estimated size: 144

I2C.c
		_I2C_Stop      		CODE           	0CA9	0000	35
		_I2C_WriteByte 		CODE           	0D98	0000	50
		_I2C_WaitIF    		CODE           	0C4A	0000	30
		_I2C_WaitIdle  		CODE           	0CCC	0000	36
		_I2C_Init      		CODE           	0BFF	0000	20
		_I2C_ClearErrors		CODE           	0BD9	0000	7
		_I2C_Start     		CODE           	0CF0	0000	37

I2C.c estimated size: 215

C:\Program Files\Microchip\xc8\v2.46\pic\sources\c99\common\strcmp.c
		_strcmp        		CODE           	0D6B	0000	45

C:\Program Files\Microchip\xc8\v2.46\pic\sources\c99\common\strcmp.c estimated size: 45

C:\Program Files\Microchip\xc8\v2.46\pic\sources\c99\common\strcpy.c
		_strcpy        		CODE           	0C13	0000	27

C:\Program Files\Microchip\xc8\v2.46\pic\sources\c99\common\strcpy.c estimated size: 27

C:\Program Files\Microchip\xc8\v2.46\pic\sources\c99\common\memset.c
		_memset        		CODE           	0C2E	0000	28

C:\Program Files\Microchip\xc8\v2.46\pic\sources\c99\common\memset.c estimated size: 28

PIC16F1718_Internal.c
		_internal_32   		CODE           	0BE0	0000	9

PIC16F1718_Internal.c estimated size: 9

shared
		_OledFont      		STRCODE        	0800	0000	768
		__initialization		CODE           	07EE	0000	15
		_BatteryIcon   		STRCODE        	1000	0000	10

shared estimated size: 793

C:\Program Files\Microchip\xc8\v2.46\pic\sources\c99\common\__lldiv.c
		___lldiv       		CODE           	0033	0000	90

C:\Program Files\Microchip\xc8\v2.46\pic\sources\c99\common\__lldiv.c estimated size: 90

C:\Program Files\Microchip\xc8\v2.46\pic\sources\c99\common\Umul16.c
		___wmul        		CODE           	0C68	0000	31

C:\Program Files\Microchip\xc8\v2.46\pic\sources\c99\common\Umul16.c estimated size: 31

OLED_SSD1306.c
		_OLED_Clear    		CODE           	0F10	0000	77
		_OLED_SetOrientation		CODE           	0E3A	0000	65
		_OLED_Command  		CODE           	0005	0000	46
		_OLED_WriteData		CODE           	0F5D	0000	80
		_SSD1306_CtrlW 		CODE           	0BD7	0000	2
		_OLED_Init     		CODE           	01BE	0000	116
		_OLED_UpdateLine		CODE           	0D3F	0000	44
		_OLED_Printf_Line		CODE           	03D5	0000	1049
		_OLED_YX       		CODE           	0C87	0000	34

OLED_SSD1306.c estimated size: 1513

C:\Program Files\Microchip\xc8\v2.46\pic\sources\c99\common\memcpy.c
		_memcpy        		CODE           	0D15	0000	42

C:\Program Files\Microchip\xc8\v2.46\pic\sources\c99\common\memcpy.c estimated size: 42

C:\Program Files\Microchip\xc8\v2.46\pic\sources\c99\common\lwmod.c
		___lwmod       		CODE           	0DCA	0000	52

C:\Program Files\Microchip\xc8\v2.46\pic\sources\c99\common\lwmod.c estimated size: 52

C:\Program Files\Microchip\xc8\v2.46\pic\sources\c99\common\awmod.c
		___awmod       		CODE           	0FAD	0000	83

C:\Program Files\Microchip\xc8\v2.46\pic\sources\c99\common\awmod.c estimated size: 83

C:\Program Files\Microchip\xc8\v2.46\pic\sources\c99\common\llmod.c
		___llmod       		CODE           	0E7B	0000	74

C:\Program Files\Microchip\xc8\v2.46\pic\sources\c99\common\llmod.c estimated size: 74

main.c
		_main          		CODE           	033D	0000	152
		_initMain      		CODE           	0EC5	0000	75

main.c estimated size: 227

C:\Program Files\Microchip\xc8\v2.46\pic\sources\c99\common\almod.c
		___almod       		CODE           	0232	0000	123

C:\Program Files\Microchip\xc8\v2.46\pic\sources\c99\common\almod.c estimated size: 123

