Microchip MPLAB XC8 Compiler V1.41 ()

Linker command line:

-W-3 --edf=C:\Program Files (x86)\Microchip\xc8\v1.41\dat\en_msgs.txt -cs \
  -h+dist/default/production\30_Hall_Effect.X.production.sym \
  --cmf=dist/default/production\30_Hall_Effect.X.production.cmf -z \
  -Q16F1717 -oC:\Users\armst\AppData\Local\Temp\s4uk.2 \
  -Mdist/default/production/30_Hall_Effect.X.production.map -E1 -ver=XC8 \
  -ASTACK=02030h-023efh -pstack=STACK -ACODE=00h-07FFhx4 \
  -ASTRCODE=00h-01FFFh -ASTRING=00h-0FFhx32 -ACONST=00h-0FFhx32 \
  -AENTRY=00h-0FFhx32 -ACOMMON=070h-07Fh -ABANK0=020h-06Fh \
  -ABANK1=0A0h-0EFh -ABANK2=0120h-016Fh -ABANK3=01A0h-01EFh \
  -ABANK4=0220h-026Fh -ABANK5=02A0h-02EFh -ABANK6=0320h-036Fh \
  -ABANK7=03A0h-03EFh -ABANK8=0420h-046Fh -ABANK9=04A0h-04EFh \
  -ABANK10=0520h-056Fh -ABANK11=05A0h-05EFh -ABANK12=0620h-064Fh \
  -ABIGRAM=02000h-023EFh \
  -ARAM=020h-06Fh,0A0h-0EFh,0120h-016Fh,01A0h-01EFh,0220h-026Fh,02A0h-02EFh,0320h-036Fh,03A0h-03EFh,0420h-046Fh,04A0h-04EFh,0520h-056Fh,05A0h-05EFh,0620h-064Fh \
  -AABS1=020h-07Fh,0A0h-0EFh,0120h-016Fh,01A0h-01EFh,0220h-026Fh,02A0h-02EFh,0320h-036Fh,03A0h-03EFh,0420h-046Fh,04A0h-04EFh,0520h-056Fh,05A0h-05EFh,0620h-064Fh \
  -ASFR0=00h-01Fh -ASFR1=080h-09Fh -ASFR2=0100h-011Fh -ASFR3=0180h-019Fh \
  -ASFR4=0200h-021Fh -ASFR5=0280h-029Fh -ASFR6=0300h-031Fh \
  -ASFR7=0380h-039Fh -ASFR8=0400h-041Fh -ASFR9=0480h-049Fh \
  -ASFR10=0500h-051Fh -ASFR11=0580h-059Fh -ASFR12=0600h-061Fh \
  -ASFR13=0680h-06EFh -ASFR14=0700h-076Fh -ASFR15=0780h-07EFh \
  -ASFR16=0800h-086Fh -ASFR17=0880h-08EFh -ASFR18=0900h-096Fh \
  -ASFR19=0980h-09EFh -ASFR20=0A00h-0A6Fh -ASFR21=0A80h-0AEFh \
  -ASFR22=0B00h-0B6Fh -ASFR23=0B80h-0BEFh -ASFR24=0C00h-0C6Fh \
  -ASFR25=0C80h-0CEFh -ASFR26=0D00h-0D6Fh -ASFR27=0D80h-0DEFh \
  -ASFR28=0E00h-0E6Fh -ASFR29=0E80h-0EEFh -ASFR30=0F00h-0F6Fh \
  -ASFR31=0F80h-0FEFh -preset_vec=00h,intentry,init,end_init -ppowerup=CODE \
  -pcinit=CODE -pfunctab=CODE -ACONFIG=08007h-08008h -pconfig=CONFIG \
  -DCONFIG=2 -AIDLOC=08000h-08003h -pidloc=IDLOC -DIDLOC=2 -DCODE=2 \
  -DSTRCODE=2 -DSTRING=2 -DCONST=2 -DENTRY=2 -k \
  C:\Users\armst\AppData\Local\Temp\s4uk.obj \
  dist/default/production\30_Hall_Effect.X.production.obj 

Object code version is 3.11

Machine type is 16F1717



                Name                               Link     Load   Length Selector   Space Scale
C:\Users\armst\AppData\Local\Temp\s4uk.obj
                end_init                              2        2        2        0       0
                reset_vec                             0        0        2        0       0
                config                             8007     8007        2    1000E       0
dist/default/production\30_Hall_Effect.X.production.obj
                cinit                               7F6      7F6        A      FEC       0
                text19                              480      480       10      900       0
                text18                              46E      46E        9      8DC       0
                text17                              45E      45E        8      8BC       0
                text16                              466      466        8      8CC       0
                text15                              717      717       65      E2E       0
                text14                              77C      77C       7A      EF8       0
                text13                              4A4      4A4       1E      948       0
                text12                              50B      50B       28      A16       0
                text11                              55F      55F       30      ABE       0
                text10                              6B3      6B3       64      D66       0
                text9                               490      490       14      920       0
                text8                               58F      58F       34      B1E       0
                text7                               533      533       2C      A66       0
                text6                               651      651       62      CA2       0
                text5                               4E5      4E5       26      9CA       0
                text4                               4C2      4C2       23      984       0
                text3                               457      457        7      8AE       0
                text2                               477      477        9      8EE       0
                text1                               5C3      5C3       38      B86       0
                maintext                            5FB      5FB       56      BF6       0
                cstackBANK0                          20       20       1F       20       1
                cstackCOMMON                         70       70        E       70       1
                clrtext                             451      451        6      8A2       0
                bssBANK0                             3F       3F       11       20       1
                stringtext                          800      800      347     1000       0

TOTAL           Name                               Link     Load   Length     Space
        CLASS   STACK          

        CLASS   CODE           
                end_init                              2        2        2         0
                cinit                               7F6      7F6        A         0
                reset_vec                             0        0        2         0
                text19                              480      480       10         0
                text18                              46E      46E        9         0
                text17                              45E      45E        8         0
                text16                              466      466        8         0
                text15                              717      717       65         0
                text14                              77C      77C       7A         0
                text13                              4A4      4A4       1E         0
                text12                              50B      50B       28         0
                text11                              55F      55F       30         0
                text10                              6B3      6B3       64         0
                text9                               490      490       14         0
                text8                               58F      58F       34         0
                text7                               533      533       2C         0
                text6                               651      651       62         0
                text5                               4E5      4E5       26         0
                text4                               4C2      4C2       23         0
                text3                               457      457        7         0
                text2                               477      477        9         0
                text1                               5C3      5C3       38         0
                maintext                            5FB      5FB       56         0
                clrtext                             451      451        6         0

        CLASS   STRCODE        
                stringtext                          800      800      347         0

        CLASS   STRING         

        CLASS   CONST          

        CLASS   ENTRY          

        CLASS   COMMON         
                cstackCOMMON                         70       70        E         1

        CLASS   BANK0          
                cstackBANK0                          20       20       1F         1
                bssBANK0                             3F       3F       11         1

        CLASS   BANK1          

        CLASS   BANK2          

        CLASS   BANK3          

        CLASS   BANK4          

        CLASS   BANK5          

        CLASS   BANK6          

        CLASS   BANK7          

        CLASS   BANK8          

        CLASS   BANK9          

        CLASS   BANK10         

        CLASS   BANK11         

        CLASS   BANK12         

        CLASS   BIGRAM         

        CLASS   RAM            

        CLASS   ABS1           
                abs_s1                               7E       7E        2         1

        CLASS   SFR0           

        CLASS   SFR1           

        CLASS   SFR2           

        CLASS   SFR3           

        CLASS   SFR4           

        CLASS   SFR5           

        CLASS   SFR6           

        CLASS   SFR7           

        CLASS   SFR8           

        CLASS   SFR9           

        CLASS   SFR10          

        CLASS   SFR11          

        CLASS   SFR12          

        CLASS   SFR13          

        CLASS   SFR14          

        CLASS   SFR15          

        CLASS   SFR16          

        CLASS   SFR17          

        CLASS   SFR18          

        CLASS   SFR19          

        CLASS   SFR20          

        CLASS   SFR21          

        CLASS   SFR22          

        CLASS   SFR23          

        CLASS   SFR24          

        CLASS   SFR25          

        CLASS   SFR26          

        CLASS   SFR27          

        CLASS   SFR28          

        CLASS   SFR29          

        CLASS   SFR30          

        CLASS   SFR31          

        CLASS   CONFIG         
                config                             8007     8007        2         0

        CLASS   IDLOC          

        CLASS   BANK31         

        CLASS   BANK30         

        CLASS   BANK29         

        CLASS   BANK28         

        CLASS   BANK27         

        CLASS   BANK26         

        CLASS   BANK25         

        CLASS   BANK24         

        CLASS   BANK23         

        CLASS   BANK22         

        CLASS   BANK21         

        CLASS   BANK20         

        CLASS   BANK19         

        CLASS   BANK18         

        CLASS   BANK17         

        CLASS   BANK16         

        CLASS   BANK15         

        CLASS   BANK14         

        CLASS   BANK13         

        CLASS   EEDATA         



SEGMENTS        Name                           Load    Length   Top    Selector   Space  Class     Delta

                reset_vec                      000000  000004  000004         0       0  CODE        2
                cstackBANK0                    000020  000030  000050        20       1  BANK0       1
                cstackCOMMON                   000070  00000E  00007E        70       1  COMMON      1
                clrtext                        000451  000006  000457       8A2       0  CODE        2
                text3                          000457  000007  00045E       8AE       0  CODE        2
                text17                         00045E  000008  000466       8BC       0  CODE        2
                text16                         000466  000008  00046E       8CC       0  CODE        2
                text18                         00046E  000009  000477       8DC       0  CODE        2
                text2                          000477  000009  000480       8EE       0  CODE        2
                text19                         000480  000010  000490       900       0  CODE        2
                text9                          000490  000014  0004A4       920       0  CODE        2
                text13                         0004A4  00001E  0004C2       948       0  CODE        2
                text4                          0004C2  000023  0004E5       984       0  CODE        2
                text5                          0004E5  000026  00050B       9CA       0  CODE        2
                text12                         00050B  000028  000533       A16       0  CODE        2
                text7                          000533  00002C  00055F       A66       0  CODE        2
                text11                         00055F  000030  00058F       ABE       0  CODE        2
                text8                          00058F  000034  0005C3       B1E       0  CODE        2
                text1                          0005C3  000038  0005FB       B86       0  CODE        2
                maintext                       0005FB  000056  000651       BF6       0  CODE        2
                text6                          000651  000062  0006B3       CA2       0  CODE        2
                text10                         0006B3  000064  000717       D66       0  CODE        2
                text15                         000717  000065  00077C       E2E       0  CODE        2
                text14                         00077C  00007A  0007F6       EF8       0  CODE        2
                cinit                          0007F6  00000A  000800       FEC       0  CODE        2
                stringtext                     000800  000347  000B47      1000       0  STRCODE     2
                config                         008007  000002  008009     1000E       0  CONFIG      2


UNUSED ADDRESS RANGES

        Name                Unused          Largest block    Delta
        BANK0            00050-0006F              20           1
        BANK1            000A0-000EF              50           1
        BANK10           00520-0056F              50           1
        BANK11           005A0-005EF              50           1
        BANK12           00620-0064F              30           1
        BANK2            00120-0016F              50           1
        BANK3            001A0-001EF              50           1
        BANK4            00220-0026F              50           1
        BANK5            002A0-002EF              50           1
        BANK6            00320-0036F              50           1
        BANK7            003A0-003EF              50           1
        BANK8            00420-0046F              50           1
        BANK9            004A0-004EF              50           1
        BIGRAM           02000-023EF             3F0           1
        CODE             00004-00450             44D           2
                         00B47-01FFF             800
        CONST            00004-00450             100           2
                         00B47-01FFF             100
        ENTRY            00004-00450             100           2
                         00B47-01FFF             100
        IDLOC            08000-08003               4           2
        RAM              00050-0006F              20           1
                         000A0-000EF              50
                         00120-0016F              50
                         001A0-001EF              50
                         00220-0026F              50
                         002A0-002EF              50
                         00320-0036F              50
                         003A0-003EF              50
                         00420-0046F              50
                         004A0-004EF              50
                         00520-0056F              50
                         005A0-005EF              50
                         00620-0064F              30
        SFR0             00000-0001F              20           1
        SFR1             00080-0009F              20           1
        SFR10            00500-0051F              20           1
        SFR11            00580-0059F              20           1
        SFR12            00600-0061F              20           1
        SFR13            00680-006EF              70           1
        SFR14            00700-0076F              70           1
        SFR15            00780-007EF              70           1
        SFR16            00800-0086F              70           1
        SFR17            00880-008EF              70           1
        SFR18            00900-0096F              70           1
        SFR19            00980-009EF              70           1
        SFR2             00100-0011F              20           1
        SFR20            00A00-00A6F              70           1
        SFR21            00A80-00AEF              70           1
        SFR22            00B00-00B6F              70           1
        SFR23            00B80-00BEF              70           1
        SFR24            00C00-00C6F              70           1
        SFR25            00C80-00CEF              70           1
        SFR26            00D00-00D6F              70           1
        SFR27            00D80-00DEF              70           1
        SFR28            00E00-00E6F              70           1
        SFR29            00E80-00EEF              70           1
        SFR3             00180-0019F              20           1
        SFR30            00F00-00F6F              70           1
        SFR31            00F80-00FEF              70           1
        SFR4             00200-0021F              20           1
        SFR5             00280-0029F              20           1
        SFR6             00300-0031F              20           1
        SFR7             00380-0039F              20           1
        SFR8             00400-0041F              20           1
        SFR9             00480-0049F              20           1
        STACK            02030-023EF             3C0           1
        STRCODE          00004-00450             44D           2
                         00B47-01FFF            14B9
        STRING           00004-00450             100           2
                         00B47-01FFF             100

                                  Symbol Table

?___lwdiv                    cstackCOMMON 00070
?___lwmod                    cstackCOMMON 00070
OLED_Clear@col               cstackBANK0  00036
OLED_Clear@row               cstackBANK0  00034
OLED_Command@temp            cstackCOMMON 00074
OLED_PutChar@base            cstackBANK0  0002F
OLED_PutChar@bytes           cstackBANK0  00026
OLED_PutChar@ch              cstackBANK0  00033
OLED_PutChar@i               cstackBANK0  00031
OLED_Write_Integer@buff11    cstackBANK0  00039
OLED_Write_Integer@i         cstackBANK0  00038
OLED_Write_Integer@status    cstackBANK0  0003A
OLED_Write_String@s          cstackCOMMON 0007C
OLED_YX@Column               cstackCOMMON 00075
OLED_YX@Row                  cstackCOMMON 00079
ReadTimer0@readVal           cstackCOMMON 00071
Send_I2C_Data@databyte       cstackCOMMON 00070
_ANSELBbits                  (abs)        0018D
_ANSELCbits                  (abs)        0018E
_I2C_Init                    text19       00480
_INTCONbits                  (abs)        0000B
_IRCF0                       (abs)        004CB
_IRCF1                       (abs)        004CC
_IRCF2                       (abs)        004CD
_IRCF3                       (abs)        004CE
_OLED_Clear                  text11       0055F
_OLED_Command                text13       004A4
_OLED_Init                   text10       006B3
_OLED_PutChar                text14       0077C
_OLED_Write_Integer          text4        004C2
_OLED_Write_String           text9        00490
_OLED_YX                     text12       0050B
_OPTION_REGbits              (abs)        00095
_OledFont                    stringtext   00828
_PIR1bits                    (abs)        00011
_PPSLOCK                     (abs)        00E0F
_PPSLOCKbits                 (abs)        00E0F
_RC4PPSbits                  (abs)        00EA4
_RC5PPSbits                  (abs)        00EA5
_ReadTimer0                  text3        00457
_SCS0                        (abs)        004C8
_SCS1                        (abs)        004C9
_SPLLEN                      (abs)        004CF
_SSPADD                      (abs)        00212
_SSPBUF                      (abs)        00211
_SSPCLKPPSbits               (abs)        00E20
_SSPCON2bits                 (abs)        00216
_SSPCONbits                  (abs)        00215
_SSPDATPPSbits               (abs)        00E21
_Send_I2C_Data               text18       0046E
_Send_I2C_StartBit           text17       0045E
_Send_I2C_StopBit            text16       00466
_T0CKIPPSbits                (abs)        00E11
_TMR0                        (abs)        00015
_TRISBbits                   (abs)        0008D
_TRISCbits                   (abs)        0008E
__CFG_BOREN$OFF              (abs)        00000
__CFG_BORV$LO                (abs)        00000
__CFG_CLKOUTEN$OFF           (abs)        00000
__CFG_CP$OFF                 (abs)        00000
__CFG_FCMEN$OFF              (abs)        00000
__CFG_FOSC$INTOSC            (abs)        00000
__CFG_IESO$ON                (abs)        00000
__CFG_LPBOR$OFF              (abs)        00000
__CFG_LVP$OFF                (abs)        00000
__CFG_MCLRE$OFF              (abs)        00000
__CFG_PLLEN$OFF              (abs)        00000
__CFG_PPS1WAY$ON             (abs)        00000
__CFG_PWRTE$OFF              (abs)        00000
__CFG_STVREN$ON              (abs)        00000
__CFG_WDTE$OFF               (abs)        00000
__CFG_WRT$OFF                (abs)        00000
__CFG_ZCDDIS$ON              (abs)        00000
__Habs1                      abs1         00000
__Hbank0                     bank0        00000
__Hbank1                     bank1        00000
__Hbank10                    bank10       00000
__Hbank11                    bank11       00000
__Hbank12                    bank12       00000
__Hbank13                    bank13       00000
__Hbank14                    bank14       00000
__Hbank15                    bank15       00000
__Hbank16                    bank16       00000
__Hbank17                    bank17       00000
__Hbank18                    bank18       00000
__Hbank19                    bank19       00000
__Hbank2                     bank2        00000
__Hbank20                    bank20       00000
__Hbank21                    bank21       00000
__Hbank22                    bank22       00000
__Hbank23                    bank23       00000
__Hbank24                    bank24       00000
__Hbank25                    bank25       00000
__Hbank26                    bank26       00000
__Hbank27                    bank27       00000
__Hbank28                    bank28       00000
__Hbank29                    bank29       00000
__Hbank3                     bank3        00000
__Hbank30                    bank30       00000
__Hbank31                    bank31       00000
__Hbank4                     bank4        00000
__Hbank5                     bank5        00000
__Hbank6                     bank6        00000
__Hbank7                     bank7        00000
__Hbank8                     bank8        00000
__Hbank9                     bank9        00000
__Hbigram                    bigram       00000
__HbssBANK0                  bssBANK0     00000
__Hcinit                     cinit        00800
__Hclrtext                   clrtext      00000
__Hcode                      code         00000
__Hcommon                    common       00000
__Hconfig                    config       08009
__HcstackBANK0               cstackBANK0  00000
__HcstackCOMMON              cstackCOMMON 00000
__Heeprom_data               eeprom_data  00000
__Hend_init                  end_init     00004
__Hfunctab                   functab      00000
__Hidloc                     idloc        00000
__Hinit                      init         00002
__Hintentry                  intentry     00002
__Hmaintext                  maintext     00000
__Hpowerup                   powerup      00000
__Hram                       ram          00000
__Hreset_vec                 reset_vec    00002
__Hsfr0                      sfr0         00000
__Hsfr1                      sfr1         00000
__Hsfr10                     sfr10        00000
__Hsfr11                     sfr11        00000
__Hsfr12                     sfr12        00000
__Hsfr13                     sfr13        00000
__Hsfr14                     sfr14        00000
__Hsfr15                     sfr15        00000
__Hsfr16                     sfr16        00000
__Hsfr17                     sfr17        00000
__Hsfr18                     sfr18        00000
__Hsfr19                     sfr19        00000
__Hsfr2                      sfr2         00000
__Hsfr20                     sfr20        00000
__Hsfr21                     sfr21        00000
__Hsfr22                     sfr22        00000
__Hsfr23                     sfr23        00000
__Hsfr24                     sfr24        00000
__Hsfr25                     sfr25        00000
__Hsfr26                     sfr26        00000
__Hsfr27                     sfr27        00000
__Hsfr28                     sfr28        00000
__Hsfr29                     sfr29        00000
__Hsfr3                      sfr3         00000
__Hsfr30                     sfr30        00000
__Hsfr31                     sfr31        00000
__Hsfr4                      sfr4         00000
__Hsfr5                      sfr5         00000
__Hsfr6                      sfr6         00000
__Hsfr7                      sfr7         00000
__Hsfr8                      sfr8         00000
__Hsfr9                      sfr9         00000
__Hspace_0                   (abs)        08009
__Hspace_1                   (abs)        0007E
__Hspace_2                   (abs)        00000
__Hspace_3                   (abs)        00000
__Hstack                     stack        00000
__Hstrings                   strings      00000
__Hstringtext                stringtext   00000
__Htext                      text         00000
__Labs1                      abs1         00000
__Lbank0                     bank0        00000
__Lbank1                     bank1        00000
__Lbank10                    bank10       00000
__Lbank11                    bank11       00000
__Lbank12                    bank12       00000
__Lbank13                    bank13       00000
__Lbank14                    bank14       00000
__Lbank15                    bank15       00000
__Lbank16                    bank16       00000
__Lbank17                    bank17       00000
__Lbank18                    bank18       00000
__Lbank19                    bank19       00000
__Lbank2                     bank2        00000
__Lbank20                    bank20       00000
__Lbank21                    bank21       00000
__Lbank22                    bank22       00000
__Lbank23                    bank23       00000
__Lbank24                    bank24       00000
__Lbank25                    bank25       00000
__Lbank26                    bank26       00000
__Lbank27                    bank27       00000
__Lbank28                    bank28       00000
__Lbank29                    bank29       00000
__Lbank3                     bank3        00000
__Lbank30                    bank30       00000
__Lbank31                    bank31       00000
__Lbank4                     bank4        00000
__Lbank5                     bank5        00000
__Lbank6                     bank6        00000
__Lbank7                     bank7        00000
__Lbank8                     bank8        00000
__Lbank9                     bank9        00000
__Lbigram                    bigram       00000
__LbssBANK0                  bssBANK0     00000
__Lcinit                     cinit        007F6
__Lclrtext                   clrtext      00000
__Lcode                      code         00000
__Lcommon                    common       00000
__Lconfig                    config       08007
__LcstackBANK0               cstackBANK0  00000
__LcstackCOMMON              cstackCOMMON 00000
__Leeprom_data               eeprom_data  00000
__Lend_init                  end_init     00002
__Lfunctab                   functab      00000
__Lidloc                     idloc        00000
__Linit                      init         00002
__Lintentry                  intentry     00002
__Lmaintext                  maintext     00000
__Lpowerup                   powerup      00000
__Lram                       ram          00000
__Lreset_vec                 reset_vec    00000
__Lsfr0                      sfr0         00000
__Lsfr1                      sfr1         00000
__Lsfr10                     sfr10        00000
__Lsfr11                     sfr11        00000
__Lsfr12                     sfr12        00000
__Lsfr13                     sfr13        00000
__Lsfr14                     sfr14        00000
__Lsfr15                     sfr15        00000
__Lsfr16                     sfr16        00000
__Lsfr17                     sfr17        00000
__Lsfr18                     sfr18        00000
__Lsfr19                     sfr19        00000
__Lsfr2                      sfr2         00000
__Lsfr20                     sfr20        00000
__Lsfr21                     sfr21        00000
__Lsfr22                     sfr22        00000
__Lsfr23                     sfr23        00000
__Lsfr24                     sfr24        00000
__Lsfr25                     sfr25        00000
__Lsfr26                     sfr26        00000
__Lsfr27                     sfr27        00000
__Lsfr28                     sfr28        00000
__Lsfr29                     sfr29        00000
__Lsfr3                      sfr3         00000
__Lsfr30                     sfr30        00000
__Lsfr31                     sfr31        00000
__Lsfr4                      sfr4         00000
__Lsfr5                      sfr5         00000
__Lsfr6                      sfr6         00000
__Lsfr7                      sfr7         00000
__Lsfr8                      sfr8         00000
__Lsfr9                      sfr9         00000
__Lspace_0                   (abs)        00000
__Lspace_1                   (abs)        00000
__Lspace_2                   (abs)        00000
__Lspace_3                   (abs)        00000
__Lstack                     stack        00000
__Lstrings                   strings      00000
__Lstringtext                stringtext   00000
__Ltext                      text         00000
__S0                         (abs)        08009
__S1                         (abs)        0007E
__S2                         (abs)        00000
___int_sp                    stack        00000
___latbits                   (abs)        00002
___lwdiv                     text8        0058F
___lwdiv@counter             cstackCOMMON 00077
___lwdiv@dividend            cstackCOMMON 00072
___lwdiv@divisor             cstackCOMMON 00070
___lwdiv@quotient            cstackCOMMON 00075
___lwmod                     text7        00533
___lwmod@counter             cstackCOMMON 00075
___lwmod@dividend            cstackCOMMON 00072
___lwmod@divisor             cstackCOMMON 00070
___sp                        stack        00000
__end_of_I2C_Init            text19       00490
__end_of_OLED_Clear          text11       0058F
__end_of_OLED_Command        text13       004C2
__end_of_OLED_Init           text10       00717
__end_of_OLED_PutChar        text14       007F6
__end_of_OLED_Write_Integer  text4        004E5
__end_of_OLED_Write_String   text9        004A4
__end_of_OLED_YX             text12       00533
__end_of_OledFont            stringtext   00B28
__end_of_ReadTimer0          text3        0045E
__end_of_Send_I2C_Data       text18       00477
__end_of_Send_I2C_StartBit   text17       00466
__end_of_Send_I2C_StopBit    text16       0046E
__end_of___lwdiv             text8        005C3
__end_of___lwmod             text7        0055F
__end_of__initialization     cinit        007FD
__end_of_dpowers             stringtext   00828
__end_of_initMain            text1        005FB
__end_of_internal_16         text2        00480
__end_of_itoa                text5        0050B
__end_of_main                maintext     00651
__end_of_memmove             text15       0077C
__end_of_utoa                text6        006B3
__initialization             cinit        007F6
__pbssBANK0                  bssBANK0     0003F
__pcstackBANK0               cstackBANK0  00020
__pcstackCOMMON              cstackCOMMON 00070
__pmaintext                  maintext     005FB
__pstringtext                stringtext   00800
__ptext1                     text1        005C3
__ptext10                    text10       006B3
__ptext11                    text11       0055F
__ptext12                    text12       0050B
__ptext13                    text13       004A4
__ptext14                    text14       0077C
__ptext15                    text15       00717
__ptext16                    text16       00466
__ptext17                    text17       0045E
__ptext18                    text18       0046E
__ptext19                    text19       00480
__ptext2                     text2        00477
__ptext3                     text3        00457
__ptext4                     text4        004C2
__ptext5                     text5        004E5
__ptext6                     text6        00651
__ptext7                     text7        00533
__ptext8                     text8        0058F
__ptext9                     text9        00490
__size_of_I2C_Init           (abs)        00000
__size_of_OLED_Clear         (abs)        00000
__size_of_OLED_Command       (abs)        00000
__size_of_OLED_Init          (abs)        00000
__size_of_OLED_PutChar       (abs)        00000
__size_of_OLED_Write_Integer (abs)        00000
__size_of_OLED_Write_String  (abs)        00000
__size_of_OLED_YX            (abs)        00000
__size_of_ReadTimer0         (abs)        00000
__size_of_Send_I2C_Data      (abs)        00000
__size_of_Send_I2C_StartBit  (abs)        00000
__size_of_Send_I2C_StopBit   (abs)        00000
__size_of___lwdiv            (abs)        00000
__size_of___lwmod            (abs)        00000
__size_of_initMain           (abs)        00000
__size_of_internal_16        (abs)        00000
__size_of_itoa               (abs)        00000
__size_of_main               (abs)        00000
__size_of_memmove            (abs)        00000
__size_of_utoa               (abs)        00000
_initMain                    text1        005C3
_internal_16                 text2        00477
_itoa                        text5        004E5
_main                        maintext     005FB
_memmove                     text15       00717
_utoa                        text6        00651
btemp                        (abs)        0007E
clear_ram0                   clrtext      00451
end_of_initialization        cinit        007FD
ftoa@buf                     bssBANK0     0003F
intlevel0                    functab      00000
intlevel1                    functab      00000
intlevel2                    functab      00000
intlevel3                    functab      00000
intlevel4                    functab      00000
intlevel5                    functab      00000
itoa@base                    cstackBANK0  00026
itoa@buf                     cstackBANK0  00029
itoa@cp                      cstackBANK0  00028
itoa@val                     cstackBANK0  00024
main@count                   cstackBANK0  0003E
memmove@d                    cstackCOMMON 0007B
memmove@d1                   cstackCOMMON 00078
memmove@n                    cstackCOMMON 00072
memmove@s                    cstackCOMMON 00079
memmove@s1                   cstackCOMMON 00070
reset_vec                    reset_vec    00000
stackhi                      (abs)        023EF
stacklo                      (abs)        02030
start                        init         00002
start_initialization         cinit        007F6
utoa@base                    cstackCOMMON 0007A
utoa@buf                     cstackBANK0  00023
utoa@c                       cstackBANK0  00022
utoa@v                       cstackBANK0  00020
utoa@val                     cstackCOMMON 00078
wtemp0                       (abs)        0007E


FUNCTION INFORMATION:

 *************** function _main *****************
 Defined at:
		line 126 in file "Main.c"
 Parameters:    Size  Location     Type
		None
 Auto vars:     Size  Location     Type
  count           1   30[BANK0 ] unsigned char 
 Return value:  Size  Location     Type
                  1    wreg      void 
 Registers used:
		wreg, fsr0l, fsr0h, fsr1l, fsr1h, status,2, status,0, pclath, cstack
 Tracked objects:
		On entry : 
		On exit  : 
		Unchanged: 
 Data sizes:     COMMON   BANK0   BANK1   BANK2   BANK3   BANK4   BANK5   BANK6   BANK7   BANK8   BANK9  BANK10  BANK11  BANK12
      Params:         0       0       0       0       0       0       0       0       0       0       0       0       0       0
      Locals:         0       1       0       0       0       0       0       0       0       0       0       0       0       0
      Temps:          0       2       0       0       0       0       0       0       0       0       0       0       0       0
      Totals:         0       3       0       0       0       0       0       0       0       0       0       0       0       0
Total ram usage:        3 bytes
 Hardware stack levels required when called:    4
 This function calls:
		_I2C_Init
		_OLED_Clear
		_OLED_Init
		_OLED_Write_Integer
		_OLED_Write_String
		_OLED_YX
		_ReadTimer0
		_initMain
 This function is called by:
		Startup code after reset
 This function uses a non-reentrant model


 *************** function _initMain *****************
 Defined at:
		line 40 in file "Main.c"
 Parameters:    Size  Location     Type
		None
 Auto vars:     Size  Location     Type
		None
 Return value:  Size  Location     Type
                  1    wreg      void 
 Registers used:
		wreg, status,2, status,0, pclath, cstack
 Tracked objects:
		On entry : 
		On exit  : 
		Unchanged: 
 Data sizes:     COMMON   BANK0   BANK1   BANK2   BANK3   BANK4   BANK5   BANK6   BANK7   BANK8   BANK9  BANK10  BANK11  BANK12
      Params:         0       0       0       0       0       0       0       0       0       0       0       0       0       0
      Locals:         0       0       0       0       0       0       0       0       0       0       0       0       0       0
      Temps:          0       0       0       0       0       0       0       0       0       0       0       0       0       0
      Totals:         0       0       0       0       0       0       0       0       0       0       0       0       0       0
Total ram usage:        0 bytes
 Hardware stack levels used:    1
 Hardware stack levels required when called:    1
 This function calls:
		_internal_16
 This function is called by:
		_main
 This function uses a non-reentrant model


 *************** function _internal_16 *****************
 Defined at:
		line 56 in file "16F1717_Internal.c"
 Parameters:    Size  Location     Type
		None
 Auto vars:     Size  Location     Type
		None
 Return value:  Size  Location     Type
                  1    wreg      void 
 Registers used:
		None
 Tracked objects:
		On entry : 
		On exit  : 
		Unchanged: 
 Data sizes:     COMMON   BANK0   BANK1   BANK2   BANK3   BANK4   BANK5   BANK6   BANK7   BANK8   BANK9  BANK10  BANK11  BANK12
      Params:         0       0       0       0       0       0       0       0       0       0       0       0       0       0
      Locals:         0       0       0       0       0       0       0       0       0       0       0       0       0       0
      Temps:          0       0       0       0       0       0       0       0       0       0       0       0       0       0
      Totals:         0       0       0       0       0       0       0       0       0       0       0       0       0       0
Total ram usage:        0 bytes
 Hardware stack levels used:    1
 This function calls:
		Nothing
 This function is called by:
		_initMain
 This function uses a non-reentrant model


 *************** function _ReadTimer0 *****************
 Defined at:
		line 106 in file "Main.c"
 Parameters:    Size  Location     Type
		None
 Auto vars:     Size  Location     Type
  readVal         1    1[COMMON] unsigned char 
 Return value:  Size  Location     Type
                  1    wreg      unsigned char 
 Registers used:
		wreg
 Tracked objects:
		On entry : 
		On exit  : 
		Unchanged: 
 Data sizes:     COMMON   BANK0   BANK1   BANK2   BANK3   BANK4   BANK5   BANK6   BANK7   BANK8   BANK9  BANK10  BANK11  BANK12
      Params:         0       0       0       0       0       0       0       0       0       0       0       0       0       0
      Locals:         1       0       0       0       0       0       0       0       0       0       0       0       0       0
      Temps:          1       0       0       0       0       0       0       0       0       0       0       0       0       0
      Totals:         2       0       0       0       0       0       0       0       0       0       0       0       0       0
Total ram usage:        2 bytes
 Hardware stack levels used:    1
 This function calls:
		Nothing
 This function is called by:
		_main
 This function uses a non-reentrant model


 *************** function _OLED_Write_Integer *****************
 Defined at:
		line 299 in file "oled.c"
 Parameters:    Size  Location     Type
  i               1    wreg     unsigned char 
 Auto vars:     Size  Location     Type
  i               1   24[BANK0 ] unsigned char 
  status          2   26[BANK0 ] int 
  buff11          1   25[BANK0 ] PTR unsigned char 
		 -> OLED_Write_Integer@status(2), 
 Return value:  Size  Location     Type
                  1    wreg      void 
 Registers used:
		wreg, fsr0l, fsr0h, fsr1l, fsr1h, status,2, status,0, pclath, cstack
 Tracked objects:
		On entry : 
		On exit  : 
		Unchanged: 
 Data sizes:     COMMON   BANK0   BANK1   BANK2   BANK3   BANK4   BANK5   BANK6   BANK7   BANK8   BANK9  BANK10  BANK11  BANK12
      Params:         0       0       0       0       0       0       0       0       0       0       0       0       0       0
      Locals:         0       4       0       0       0       0       0       0       0       0       0       0       0       0
      Temps:          0       3       0       0       0       0       0       0       0       0       0       0       0       0
      Totals:         0       7       0       0       0       0       0       0       0       0       0       0       0       0
Total ram usage:        7 bytes
 Hardware stack levels used:    1
 Hardware stack levels required when called:    3
 This function calls:
		_OLED_Write_String
		_itoa
 This function is called by:
		_main
 This function uses a non-reentrant model


 *************** function _itoa *****************
 Defined at:
		line 4 in file "C:\Program Files (x86)\Microchip\xc8\v1.41\sources\common\itoa.c"
 Parameters:    Size  Location     Type
  buf             1    wreg     PTR unsigned char 
		 -> OLED_Write_Integer@status(2), 
  val             2    4[BANK0 ] int 
  base            2    6[BANK0 ] int 
 Auto vars:     Size  Location     Type
  buf             1    9[BANK0 ] PTR unsigned char 
		 -> OLED_Write_Integer@status(2), 
  cp              1    8[BANK0 ] PTR unsigned char 
		 -> OLED_Write_Integer@status(2), 
 Return value:  Size  Location     Type
                  1    wreg      PTR unsigned char 
 Registers used:
		wreg, fsr1l, fsr1h, status,2, status,0, pclath, cstack
 Tracked objects:
		On entry : 
		On exit  : 
		Unchanged: 
 Data sizes:     COMMON   BANK0   BANK1   BANK2   BANK3   BANK4   BANK5   BANK6   BANK7   BANK8   BANK9  BANK10  BANK11  BANK12
      Params:         0       4       0       0       0       0       0       0       0       0       0       0       0       0
      Locals:         0       2       0       0       0       0       0       0       0       0       0       0       0       0
      Temps:          1       0       0       0       0       0       0       0       0       0       0       0       0       0
      Totals:         1       6       0       0       0       0       0       0       0       0       0       0       0       0
Total ram usage:        7 bytes
 Hardware stack levels used:    1
 Hardware stack levels required when called:    2
 This function calls:
		_utoa
 This function is called by:
		_OLED_Write_Integer
 This function uses a non-reentrant model


 *************** function _utoa *****************
 Defined at:
		line 17 in file "C:\Program Files (x86)\Microchip\xc8\v1.41\sources\common\itoa.c"
 Parameters:    Size  Location     Type
  buf             1    wreg     PTR unsigned char 
		 -> OLED_Write_Integer@status(2), 
  val             2    8[COMMON] unsigned int 
  base            2   10[COMMON] int 
 Auto vars:     Size  Location     Type
  buf             1    3[BANK0 ] PTR unsigned char 
		 -> OLED_Write_Integer@status(2), 
  v               2    0[BANK0 ] unsigned int 
  c               1    2[BANK0 ] unsigned char 
 Return value:  Size  Location     Type
                  1    wreg      PTR unsigned char 
 Registers used:
		wreg, fsr1l, fsr1h, status,2, status,0, pclath, cstack
 Tracked objects:
		On entry : 
		On exit  : 
		Unchanged: 
 Data sizes:     COMMON   BANK0   BANK1   BANK2   BANK3   BANK4   BANK5   BANK6   BANK7   BANK8   BANK9  BANK10  BANK11  BANK12
      Params:         4       0       0       0       0       0       0       0       0       0       0       0       0       0
      Locals:         0       4       0       0       0       0       0       0       0       0       0       0       0       0
      Temps:          1       0       0       0       0       0       0       0       0       0       0       0       0       0
      Totals:         5       4       0       0       0       0       0       0       0       0       0       0       0       0
Total ram usage:        9 bytes
 Hardware stack levels used:    1
 Hardware stack levels required when called:    1
 This function calls:
		___lwdiv
		___lwmod
 This function is called by:
		_itoa
 This function uses a non-reentrant model


 *************** function ___lwmod *****************
 Defined at:
		line 6 in file "C:\Program Files (x86)\Microchip\xc8\v1.41\sources\common\lwmod.c"
 Parameters:    Size  Location     Type
  divisor         2    0[COMMON] unsigned int 
  dividend        2    2[COMMON] unsigned int 
 Auto vars:     Size  Location     Type
  counter         1    5[COMMON] unsigned char 
 Return value:  Size  Location     Type
                  2    0[COMMON] unsigned int 
 Registers used:
		wreg, status,2, status,0
 Tracked objects:
		On entry : 
		On exit  : 
		Unchanged: 
 Data sizes:     COMMON   BANK0   BANK1   BANK2   BANK3   BANK4   BANK5   BANK6   BANK7   BANK8   BANK9  BANK10  BANK11  BANK12
      Params:         4       0       0       0       0       0       0       0       0       0       0       0       0       0
      Locals:         1       0       0       0       0       0       0       0       0       0       0       0       0       0
      Temps:          1       0       0       0       0       0       0       0       0       0       0       0       0       0
      Totals:         6       0       0       0       0       0       0       0       0       0       0       0       0       0
Total ram usage:        6 bytes
 Hardware stack levels used:    1
 This function calls:
		Nothing
 This function is called by:
		_utoa
 This function uses a non-reentrant model


 *************** function ___lwdiv *****************
 Defined at:
		line 6 in file "C:\Program Files (x86)\Microchip\xc8\v1.41\sources\common\lwdiv.c"
 Parameters:    Size  Location     Type
  divisor         2    0[COMMON] unsigned int 
  dividend        2    2[COMMON] unsigned int 
 Auto vars:     Size  Location     Type
  quotient        2    5[COMMON] unsigned int 
  counter         1    7[COMMON] unsigned char 
 Return value:  Size  Location     Type
                  2    0[COMMON] unsigned int 
 Registers used:
		wreg, status,2, status,0
 Tracked objects:
		On entry : 
		On exit  : 
		Unchanged: 
 Data sizes:     COMMON   BANK0   BANK1   BANK2   BANK3   BANK4   BANK5   BANK6   BANK7   BANK8   BANK9  BANK10  BANK11  BANK12
      Params:         4       0       0       0       0       0       0       0       0       0       0       0       0       0
      Locals:         3       0       0       0       0       0       0       0       0       0       0       0       0       0
      Temps:          1       0       0       0       0       0       0       0       0       0       0       0       0       0
      Totals:         8       0       0       0       0       0       0       0       0       0       0       0       0       0
Total ram usage:        8 bytes
 Hardware stack levels used:    1
 This function calls:
		Nothing
 This function is called by:
		_utoa
 This function uses a non-reentrant model


 *************** function _OLED_Write_String *****************
 Defined at:
		line 284 in file "oled.c"
 Parameters:    Size  Location     Type
  s               2   12[COMMON] PTR unsigned char 
		 -> ftoa@buf(17), STR_3(6), STR_2(6), OLED_Write_Integer@status(2), 
		 -> STR_1(14), 
 Auto vars:     Size  Location     Type
		None
 Return value:  Size  Location     Type
                  1    wreg      void 
 Registers used:
		wreg, fsr0l, fsr0h, fsr1l, fsr1h, status,2, status,0, pclath, cstack
 Tracked objects:
		On entry : 
		On exit  : 
		Unchanged: 
 Data sizes:     COMMON   BANK0   BANK1   BANK2   BANK3   BANK4   BANK5   BANK6   BANK7   BANK8   BANK9  BANK10  BANK11  BANK12
      Params:         2       0       0       0       0       0       0       0       0       0       0       0       0       0
      Locals:         0       0       0       0       0       0       0       0       0       0       0       0       0       0
      Temps:          0       1       0       0       0       0       0       0       0       0       0       0       0       0
      Totals:         2       1       0       0       0       0       0       0       0       0       0       0       0       0
Total ram usage:        3 bytes
 Hardware stack levels used:    1
 Hardware stack levels required when called:    2
 This function calls:
		_OLED_PutChar
 This function is called by:
		_main
		_OLED_Write_Integer
		_OLED_Write_Float
 This function uses a non-reentrant model


 *************** function _OLED_Init *****************
 Defined at:
		line 174 in file "oled.c"
 Parameters:    Size  Location     Type
		None
 Auto vars:     Size  Location     Type
		None
 Return value:  Size  Location     Type
                  1    wreg      void 
 Registers used:
		wreg, status,2, status,0, pclath, cstack
 Tracked objects:
		On entry : 
		On exit  : 
		Unchanged: 
 Data sizes:     COMMON   BANK0   BANK1   BANK2   BANK3   BANK4   BANK5   BANK6   BANK7   BANK8   BANK9  BANK10  BANK11  BANK12
      Params:         0       0       0       0       0       0       0       0       0       0       0       0       0       0
      Locals:         0       0       0       0       0       0       0       0       0       0       0       0       0       0
      Temps:          0       0       0       0       0       0       0       0       0       0       0       0       0       0
      Totals:         0       0       0       0       0       0       0       0       0       0       0       0       0       0
Total ram usage:        0 bytes
 Hardware stack levels used:    1
 Hardware stack levels required when called:    2
 This function calls:
		_OLED_Command
 This function is called by:
		_main
 This function uses a non-reentrant model


 *************** function _OLED_Clear *****************
 Defined at:
		line 264 in file "oled.c"
 Parameters:    Size  Location     Type
		None
 Auto vars:     Size  Location     Type
  col             2   22[BANK0 ] unsigned int 
  row             2   20[BANK0 ] unsigned int 
 Return value:  Size  Location     Type
                  1    wreg      void 
 Registers used:
		wreg, fsr0l, fsr0h, fsr1l, fsr1h, status,2, status,0, pclath, cstack
 Tracked objects:
		On entry : 
		On exit  : 
		Unchanged: 
 Data sizes:     COMMON   BANK0   BANK1   BANK2   BANK3   BANK4   BANK5   BANK6   BANK7   BANK8   BANK9  BANK10  BANK11  BANK12
      Params:         0       0       0       0       0       0       0       0       0       0       0       0       0       0
      Locals:         0       4       0       0       0       0       0       0       0       0       0       0       0       0
      Temps:          1       0       0       0       0       0       0       0       0       0       0       0       0       0
      Totals:         1       4       0       0       0       0       0       0       0       0       0       0       0       0
Total ram usage:        5 bytes
 Hardware stack levels used:    1
 Hardware stack levels required when called:    3
 This function calls:
		_OLED_PutChar
		_OLED_YX
 This function is called by:
		_main
 This function uses a non-reentrant model


 *************** function _OLED_YX *****************
 Defined at:
		line 213 in file "oled.c"
 Parameters:    Size  Location     Type
  Row             1    wreg     unsigned char 
  Column          1    5[COMMON] unsigned char 
 Auto vars:     Size  Location     Type
  Row             1    9[COMMON] unsigned char 
 Return value:  Size  Location     Type
                  1    wreg      void 
 Registers used:
		wreg, status,2, status,0, pclath, cstack
 Tracked objects:
		On entry : 
		On exit  : 
		Unchanged: 
 Data sizes:     COMMON   BANK0   BANK1   BANK2   BANK3   BANK4   BANK5   BANK6   BANK7   BANK8   BANK9  BANK10  BANK11  BANK12
      Params:         1       0       0       0       0       0       0       0       0       0       0       0       0       0
      Locals:         1       0       0       0       0       0       0       0       0       0       0       0       0       0
      Temps:          3       0       0       0       0       0       0       0       0       0       0       0       0       0
      Totals:         5       0       0       0       0       0       0       0       0       0       0       0       0       0
Total ram usage:        5 bytes
 Hardware stack levels used:    1
 Hardware stack levels required when called:    2
 This function calls:
		_OLED_Command
 This function is called by:
		_main
		_OLED_Clear
 This function uses a non-reentrant model


 *************** function _OLED_Command *****************
 Defined at:
		line 138 in file "oled.c"
 Parameters:    Size  Location     Type
  temp            1    wreg     unsigned char 
 Auto vars:     Size  Location     Type
  temp            1    4[COMMON] unsigned char 
 Return value:  Size  Location     Type
                  1    wreg      void 
 Registers used:
		wreg, status,2, status,0, pclath, cstack
 Tracked objects:
		On entry : 
		On exit  : 
		Unchanged: 
 Data sizes:     COMMON   BANK0   BANK1   BANK2   BANK3   BANK4   BANK5   BANK6   BANK7   BANK8   BANK9  BANK10  BANK11  BANK12
      Params:         0       0       0       0       0       0       0       0       0       0       0       0       0       0
      Locals:         1       0       0       0       0       0       0       0       0       0       0       0       0       0
      Temps:          2       0       0       0       0       0       0       0       0       0       0       0       0       0
      Totals:         3       0       0       0       0       0       0       0       0       0       0       0       0       0
Total ram usage:        3 bytes
 Hardware stack levels used:    1
 Hardware stack levels required when called:    1
 This function calls:
		_Send_I2C_Data
		_Send_I2C_StartBit
		_Send_I2C_StopBit
 This function is called by:
		_OLED_Init
		_OLED_YX
 This function uses a non-reentrant model


 *************** function _OLED_PutChar *****************
 Defined at:
		line 229 in file "oled.c"
 Parameters:    Size  Location     Type
  ch              1    wreg     unsigned char 
 Auto vars:     Size  Location     Type
  ch              1   19[BANK0 ] unsigned char 
  bytes           9    6[BANK0 ] unsigned char [9]
  i               2   17[BANK0 ] int 
  base            2   15[BANK0 ] PTR const unsigned char 
		 -> OledFont(768), 
 Return value:  Size  Location     Type
                  1    wreg      void 
 Registers used:
		wreg, fsr0l, fsr0h, fsr1l, fsr1h, status,2, status,0, pclath, cstack
 Tracked objects:
		On entry : 
		On exit  : 
		Unchanged: 
 Data sizes:     COMMON   BANK0   BANK1   BANK2   BANK3   BANK4   BANK5   BANK6   BANK7   BANK8   BANK9  BANK10  BANK11  BANK12
      Params:         0       0       0       0       0       0       0       0       0       0       0       0       0       0
      Locals:         0      14       0       0       0       0       0       0       0       0       0       0       0       0
      Temps:          0       6       0       0       0       0       0       0       0       0       0       0       0       0
      Totals:         0      20       0       0       0       0       0       0       0       0       0       0       0       0
Total ram usage:       20 bytes
 Hardware stack levels used:    1
 Hardware stack levels required when called:    1
 This function calls:
		_Send_I2C_Data
		_Send_I2C_StartBit
		_Send_I2C_StopBit
		_memmove
 This function is called by:
		_OLED_Clear
		_OLED_Write_String
 This function uses a non-reentrant model


 *************** function _memmove *****************
 Defined at:
		line 8 in file "C:\Program Files (x86)\Microchip\xc8\v1.41\sources\common\memmove.c"
 Parameters:    Size  Location     Type
  d1              1    wreg     PTR void 
		 -> OLED_PutChar@bytes(9), 
  s1              2    0[COMMON] PTR const void 
		 -> OledFont(768), 
  n               2    2[COMMON] unsigned int 
 Auto vars:     Size  Location     Type
  d1              1    8[COMMON] PTR void 
		 -> OLED_PutChar@bytes(9), 
  s               2    9[COMMON] PTR const unsigned char 
		 -> OledFont(768), 
  d               1   11[COMMON] PTR unsigned char 
		 -> OLED_PutChar@bytes(9), 
 Return value:  Size  Location     Type
                  1    wreg      PTR void 
 Registers used:
		wreg, fsr0l, fsr0h, fsr1l, fsr1h, status,2, status,0, pclath
 Tracked objects:
		On entry : 
		On exit  : 
		Unchanged: 
 Data sizes:     COMMON   BANK0   BANK1   BANK2   BANK3   BANK4   BANK5   BANK6   BANK7   BANK8   BANK9  BANK10  BANK11  BANK12
      Params:         4       0       0       0       0       0       0       0       0       0       0       0       0       0
      Locals:         4       0       0       0       0       0       0       0       0       0       0       0       0       0
      Temps:          4       0       0       0       0       0       0       0       0       0       0       0       0       0
      Totals:        12       0       0       0       0       0       0       0       0       0       0       0       0       0
Total ram usage:       12 bytes
 Hardware stack levels used:    1
 This function calls:
		Nothing
 This function is called by:
		_OLED_PutChar
 This function uses a non-reentrant model


 *************** function _Send_I2C_StopBit *****************
 Defined at:
		line 106 in file "I2C.c"
 Parameters:    Size  Location     Type
		None
 Auto vars:     Size  Location     Type
		None
 Return value:  Size  Location     Type
                  1    wreg      void 
 Registers used:
		None
 Tracked objects:
		On entry : 
		On exit  : 
		Unchanged: 
 Data sizes:     COMMON   BANK0   BANK1   BANK2   BANK3   BANK4   BANK5   BANK6   BANK7   BANK8   BANK9  BANK10  BANK11  BANK12
      Params:         0       0       0       0       0       0       0       0       0       0       0       0       0       0
      Locals:         0       0       0       0       0       0       0       0       0       0       0       0       0       0
      Temps:          0       0       0       0       0       0       0       0       0       0       0       0       0       0
      Totals:         0       0       0       0       0       0       0       0       0       0       0       0       0       0
Total ram usage:        0 bytes
 Hardware stack levels used:    1
 This function calls:
		Nothing
 This function is called by:
		_OLED_Command
		_OLED_PutChar
		_OLED_Data
 This function uses a non-reentrant model


 *************** function _Send_I2C_StartBit *****************
 Defined at:
		line 96 in file "I2C.c"
 Parameters:    Size  Location     Type
		None
 Auto vars:     Size  Location     Type
		None
 Return value:  Size  Location     Type
                  1    wreg      void 
 Registers used:
		None
 Tracked objects:
		On entry : 
		On exit  : 
		Unchanged: 
 Data sizes:     COMMON   BANK0   BANK1   BANK2   BANK3   BANK4   BANK5   BANK6   BANK7   BANK8   BANK9  BANK10  BANK11  BANK12
      Params:         0       0       0       0       0       0       0       0       0       0       0       0       0       0
      Locals:         0       0       0       0       0       0       0       0       0       0       0       0       0       0
      Temps:          0       0       0       0       0       0       0       0       0       0       0       0       0       0
      Totals:         0       0       0       0       0       0       0       0       0       0       0       0       0       0
Total ram usage:        0 bytes
 Hardware stack levels used:    1
 This function calls:
		Nothing
 This function is called by:
		_OLED_Command
		_OLED_PutChar
		_OLED_Data
 This function uses a non-reentrant model


 *************** function _Send_I2C_Data *****************
 Defined at:
		line 48 in file "I2C.c"
 Parameters:    Size  Location     Type
  databyte        2    0[COMMON] unsigned int 
 Auto vars:     Size  Location     Type
		None
 Return value:  Size  Location     Type
                  1    wreg      void 
 Registers used:
		wreg
 Tracked objects:
		On entry : 
		On exit  : 
		Unchanged: 
 Data sizes:     COMMON   BANK0   BANK1   BANK2   BANK3   BANK4   BANK5   BANK6   BANK7   BANK8   BANK9  BANK10  BANK11  BANK12
      Params:         2       0       0       0       0       0       0       0       0       0       0       0       0       0
      Locals:         0       0       0       0       0       0       0       0       0       0       0       0       0       0
      Temps:          0       0       0       0       0       0       0       0       0       0       0       0       0       0
      Totals:         2       0       0       0       0       0       0       0       0       0       0       0       0       0
Total ram usage:        2 bytes
 Hardware stack levels used:    1
 This function calls:
		Nothing
 This function is called by:
		_OLED_Command
		_OLED_PutChar
		_OLED_Data
 This function uses a non-reentrant model


 *************** function _I2C_Init *****************
 Defined at:
		line 19 in file "I2C.c"
 Parameters:    Size  Location     Type
		None
 Auto vars:     Size  Location     Type
		None
 Return value:  Size  Location     Type
                  1    wreg      void 
 Registers used:
		wreg, status,2, status,0
 Tracked objects:
		On entry : 
		On exit  : 
		Unchanged: 
 Data sizes:     COMMON   BANK0   BANK1   BANK2   BANK3   BANK4   BANK5   BANK6   BANK7   BANK8   BANK9  BANK10  BANK11  BANK12
      Params:         0       0       0       0       0       0       0       0       0       0       0       0       0       0
      Locals:         0       0       0       0       0       0       0       0       0       0       0       0       0       0
      Temps:          1       0       0       0       0       0       0       0       0       0       0       0       0       0
      Totals:         1       0       0       0       0       0       0       0       0       0       0       0       0       0
Total ram usage:        1 bytes
 Hardware stack levels used:    1
 This function calls:
		Nothing
 This function is called by:
		_main
 This function uses a non-reentrant model



MODULE INFORMATION

Module		Function		Class		Link	Load	Size
C:\Program Files (x86)\Microchip\xc8\v1.41\sources\common\itoa.c
		_itoa          		CODE           	04E5	0000	39
		_utoa          		CODE           	0651	0000	99

C:\Program Files (x86)\Microchip\xc8\v1.41\sources\common\itoa.c estimated size: 138

C:\Program Files (x86)\Microchip\xc8\v1.41\sources\common\lwdiv.c
		___lwdiv       		CODE           	058F	0000	53

C:\Program Files (x86)\Microchip\xc8\v1.41\sources\common\lwdiv.c estimated size: 53

I2C.c
		_Send_I2C_Data 		CODE           	046E	0000	10
		_Send_I2C_StopBit		CODE           	0466	0000	9
		_Send_I2C_StartBit		CODE           	045E	0000	9
		_I2C_Init      		CODE           	0480	0000	17

I2C.c estimated size: 45

16F1717_Internal.c
		_internal_16   		CODE           	0477	0000	10

16F1717_Internal.c estimated size: 10

Main.c
		_main          		CODE           	05FB	0000	87
		_ReadTimer0    		CODE           	0457	0000	8
		_initMain      		CODE           	05C3	0000	57

Main.c estimated size: 152

shared
		_OledFont      		STRCODE        	0828	0000	769
		_dpowers       		STRCODE        	0000	0000	0
		__initialization		CODE           	07F6	0000	8

shared estimated size: 777

C:\Program Files (x86)\Microchip\xc8\v1.41\sources\common\lwmod.c
		___lwmod       		CODE           	0533	0000	45

C:\Program Files (x86)\Microchip\xc8\v1.41\sources\common\lwmod.c estimated size: 45

oled.c
		_OLED_Clear    		CODE           	055F	0000	49
		_OLED_Command  		CODE           	04A4	0000	31
		_OLED_Write_String		CODE           	0490	0000	21
		_OLED_Init     		CODE           	06B3	0000	101
		_OLED_Write_Integer		CODE           	04C2	0000	36
		_OLED_PutChar  		CODE           	077C	0000	123
		_OLED_YX       		CODE           	050B	0000	41

oled.c estimated size: 402

C:\Program Files (x86)\Microchip\xc8\v1.41\sources\common\memmove.c
		_memmove       		CODE           	0717	0000	102

C:\Program Files (x86)\Microchip\xc8\v1.41\sources\common\memmove.c estimated size: 102

