Microchip MPLAB XC8 Compiler V1.38 ()

Linker command line:

-W-3 --edf=C:\Program Files (x86)\Microchip\xc8\v1.38\dat\en_msgs.txt -cs \
  -h+dist/default/production\I20_DHT11.X.production.sym \
  --cmf=dist/default/production\I20_DHT11.X.production.cmf -z -Q16F1717 \
  -oC:\Users\armst\AppData\Local\Temp\scco.2 \
  -Mdist/default/production/I20_DHT11.X.production.map -E1 -ver=XC8 \
  -ASTACK=02026h-023efh -pstack=STACK -ACODE=00h-07FFhx4 \
  -ASTRCODE=00h-01FFFh -ASTRING=00h-0FFhx32 -ACONST=00h-0FFhx32 \
  -AENTRY=00h-0FFhx32 -ACOMMON=070h-07Fh -ABANK0=020h-06Fh \
  -ABANK1=0A0h-0EFh -ABANK2=0120h-016Fh -ABANK3=01A0h-01EFh \
  -ABANK4=0220h-026Fh -ABANK5=02A0h-02EFh -ABANK6=0320h-036Fh \
  -ABANK7=03A0h-03EFh -ABANK8=0420h-046Fh -ABANK9=04A0h-04EFh \
  -ABANK10=0520h-056Fh -ABANK11=05A0h-05EFh -ABANK12=0620h-064Fh \
  -ABIGRAM=02000h-023EFh \
  -ARAM=020h-06Fh,0A0h-0EFh,0120h-016Fh,01A0h-01EFh,0220h-026Fh,02A0h-02EFh,0320h-036Fh,03A0h-03EFh,0420h-046Fh,04A0h-04EFh,0520h-056Fh,05A0h-05EFh,0620h-064Fh \
  -AABS1=020h-07Fh,0A0h-0EFh,0120h-016Fh,01A0h-01EFh,0220h-026Fh,02A0h-02EFh,0320h-036Fh,03A0h-03EFh,0420h-046Fh,04A0h-04EFh,0520h-056Fh,05A0h-05EFh,0620h-064Fh \
  -ASFR0=00h-01Fh -ASFR1=080h-09Fh -ASFR2=0100h-011Fh -ASFR3=0180h-019Fh \
  -ASFR4=0200h-021Fh -ASFR5=0280h-029Fh -ASFR6=0300h-031Fh \
  -ASFR7=0380h-039Fh -ASFR8=0400h-041Fh -ASFR9=0480h-049Fh \
  -ASFR10=0500h-051Fh -ASFR11=0580h-059Fh -ASFR12=0600h-061Fh \
  -ASFR13=0680h-06EFh -ASFR14=0700h-076Fh -ASFR15=0780h-07EFh \
  -ASFR16=0800h-086Fh -ASFR17=0880h-08EFh -ASFR18=0900h-096Fh \
  -ASFR19=0980h-09EFh -ASFR20=0A00h-0A6Fh -ASFR21=0A80h-0AEFh \
  -ASFR22=0B00h-0B6Fh -ASFR23=0B80h-0BEFh -ASFR24=0C00h-0C6Fh \
  -ASFR25=0C80h-0CEFh -ASFR26=0D00h-0D6Fh -ASFR27=0D80h-0DEFh \
  -ASFR28=0E00h-0E6Fh -ASFR29=0E80h-0EEFh -ASFR30=0F00h-0F6Fh \
  -ASFR31=0F80h-0FEFh -preset_vec=00h,intentry,init,end_init -ppowerup=CODE \
  -pcinit=CODE -pfunctab=CODE -ACONFIG=08007h-08008h -pconfig=CONFIG \
  -DCONFIG=2 -AIDLOC=08000h-08003h -pidloc=IDLOC -DIDLOC=2 -DCODE=2 \
  -DSTRCODE=2 -DSTRING=2 -DCONST=2 -DENTRY=2 -k \
  C:\Users\armst\AppData\Local\Temp\scco.obj \
  dist/default/production\I20_DHT11.X.production.obj 

Object code version is 3.11

Machine type is 16F1717



                Name                               Link     Load   Length Selector   Space Scale
C:\Users\armst\AppData\Local\Temp\scco.obj
                end_init                              2        2        2        0       0
                reset_vec                             0        0        2        0       0
                config                             8007     8007        2    1000E       0
dist/default/production\I20_DHT11.X.production.obj
                cinit                               7FD      7FD        3      FFA       0
                text20                              4C7      4C7        8      98E       0
                text19                              50C      50C       17      A18       0
                text18                              555      555       24      AAA       0
                text17                              4CF      4CF        9      99E       0
                text16                              4BB      4BB        5      976       0
                text15                              4E1      4E1        B      9C2       0
                text14                              4EC      4EC        C      9D8       0
                text13                              5CB      5CB       2D      B96       0
                text12                              65A      65A       35      CB4       0
                text11                              53A      53A       1B      A74       0
                text10                              68F      68F       3F      D1E       0
                text9                               523      523       17      A46       0
                text8                               626      626       34      C4C       0
                text7                               59F      59F       2C      B3E       0
                text6                               6CE      6CE       62      D9C       0
                text5                               579      579       26      AF2       0
                text4                               4F8      4F8       14      9F0       0
                text3                               4C0      4C0        7      980       0
                text2                               4D8      4D8        9      9B0       0
                text1                               5F8      5F8       2E      BF0       0
                maintext                            730      730       CD      E60       0
                cstackBANK0                          20       20       26       20       1
                cstackCOMMON                         70       70        E       70       1
                stringtext                          800      800      1F5     1000       0

TOTAL           Name                               Link     Load   Length     Space
        CLASS   STACK          

        CLASS   CODE           
                end_init                              2        2        2         0
                cinit                               7FD      7FD        3         0
                reset_vec                             0        0        2         0
                text20                              4C7      4C7        8         0
                text19                              50C      50C       17         0
                text18                              555      555       24         0
                text17                              4CF      4CF        9         0
                text16                              4BB      4BB        5         0
                text15                              4E1      4E1        B         0
                text14                              4EC      4EC        C         0
                text13                              5CB      5CB       2D         0
                text12                              65A      65A       35         0
                text11                              53A      53A       1B         0
                text10                              68F      68F       3F         0
                text9                               523      523       17         0
                text8                               626      626       34         0
                text7                               59F      59F       2C         0
                text6                               6CE      6CE       62         0
                text5                               579      579       26         0
                text4                               4F8      4F8       14         0
                text3                               4C0      4C0        7         0
                text2                               4D8      4D8        9         0
                text1                               5F8      5F8       2E         0
                maintext                            730      730       CD         0

        CLASS   STRCODE        
                stringtext                          800      800      1F5         0

        CLASS   STRING         

        CLASS   CONST          

        CLASS   ENTRY          

        CLASS   COMMON         
                cstackCOMMON                         70       70        E         1

        CLASS   BANK0          
                cstackBANK0                          20       20       26         1

        CLASS   BANK1          

        CLASS   BANK2          

        CLASS   BANK3          

        CLASS   BANK4          

        CLASS   BANK5          

        CLASS   BANK6          

        CLASS   BANK7          

        CLASS   BANK8          

        CLASS   BANK9          

        CLASS   BANK10         

        CLASS   BANK11         

        CLASS   BANK12         

        CLASS   BIGRAM         

        CLASS   RAM            

        CLASS   ABS1           
                abs_s1                               7E       7E        2         1

        CLASS   SFR0           

        CLASS   SFR1           

        CLASS   SFR2           

        CLASS   SFR3           

        CLASS   SFR4           

        CLASS   SFR5           

        CLASS   SFR6           

        CLASS   SFR7           

        CLASS   SFR8           

        CLASS   SFR9           

        CLASS   SFR10          

        CLASS   SFR11          

        CLASS   SFR12          

        CLASS   SFR13          

        CLASS   SFR14          

        CLASS   SFR15          

        CLASS   SFR16          

        CLASS   SFR17          

        CLASS   SFR18          

        CLASS   SFR19          

        CLASS   SFR20          

        CLASS   SFR21          

        CLASS   SFR22          

        CLASS   SFR23          

        CLASS   SFR24          

        CLASS   SFR25          

        CLASS   SFR26          

        CLASS   SFR27          

        CLASS   SFR28          

        CLASS   SFR29          

        CLASS   SFR30          

        CLASS   SFR31          

        CLASS   CONFIG         
                config                             8007     8007        2         0

        CLASS   IDLOC          

        CLASS   BANK31         

        CLASS   BANK30         

        CLASS   BANK29         

        CLASS   BANK28         

        CLASS   BANK27         

        CLASS   BANK26         

        CLASS   BANK25         

        CLASS   BANK24         

        CLASS   BANK23         

        CLASS   BANK22         

        CLASS   BANK21         

        CLASS   BANK20         

        CLASS   BANK19         

        CLASS   BANK18         

        CLASS   BANK17         

        CLASS   BANK16         

        CLASS   BANK15         

        CLASS   BANK14         

        CLASS   BANK13         

        CLASS   EEDATA         



SEGMENTS        Name                           Load    Length   Top    Selector   Space  Class     Delta

                reset_vec                      000000  000004  000004         0       0  CODE        2
                cstackBANK0                    000020  000026  000046        20       1  BANK0       1
                cstackCOMMON                   000070  00000E  00007E        70       1  COMMON      1
                text16                         0004BB  000005  0004C0       976       0  CODE        2
                text3                          0004C0  000007  0004C7       980       0  CODE        2
                text20                         0004C7  000008  0004CF       98E       0  CODE        2
                text17                         0004CF  000009  0004D8       99E       0  CODE        2
                text2                          0004D8  000009  0004E1       9B0       0  CODE        2
                text15                         0004E1  00000B  0004EC       9C2       0  CODE        2
                text14                         0004EC  00000C  0004F8       9D8       0  CODE        2
                text4                          0004F8  000014  00050C       9F0       0  CODE        2
                text19                         00050C  000017  000523       A18       0  CODE        2
                text9                          000523  000017  00053A       A46       0  CODE        2
                text11                         00053A  00001B  000555       A74       0  CODE        2
                text18                         000555  000024  000579       AAA       0  CODE        2
                text5                          000579  000026  00059F       AF2       0  CODE        2
                text7                          00059F  00002C  0005CB       B3E       0  CODE        2
                text13                         0005CB  00002D  0005F8       B96       0  CODE        2
                text1                          0005F8  00002E  000626       BF0       0  CODE        2
                text8                          000626  000034  00065A       C4C       0  CODE        2
                text12                         00065A  000035  00068F       CB4       0  CODE        2
                text10                         00068F  00003F  0006CE       D1E       0  CODE        2
                text6                          0006CE  000062  000730       D9C       0  CODE        2
                maintext                       000730  0000CD  0007FD       E60       0  CODE        2
                cinit                          0007FD  000003  000800       FFA       0  CODE        2
                stringtext                     000800  0001F5  0009F5      1000       0  STRCODE     2
                config                         008007  000002  008009     1000E       0  CONFIG      2


UNUSED ADDRESS RANGES

        Name                Unused          Largest block    Delta
        BANK0            00046-0006F              2A           1
        BANK1            000A0-000EF              50           1
        BANK10           00520-0056F              50           1
        BANK11           005A0-005EF              50           1
        BANK12           00620-0064F              30           1
        BANK2            00120-0016F              50           1
        BANK3            001A0-001EF              50           1
        BANK4            00220-0026F              50           1
        BANK5            002A0-002EF              50           1
        BANK6            00320-0036F              50           1
        BANK7            003A0-003EF              50           1
        BANK8            00420-0046F              50           1
        BANK9            004A0-004EF              50           1
        BIGRAM           02000-023EF             3F0           1
        CODE             00004-004BA             4B7           2
                         009F5-01FFF             800
        CONST            00004-004BA             100           2
                         009F5-01FFF             100
        ENTRY            00004-004BA             100           2
                         009F5-01FFF             100
        IDLOC            08000-08003               4           2
        RAM              00046-0006F              2A           1
                         000A0-000EF              50
                         00120-0016F              50
                         001A0-001EF              50
                         00220-0026F              50
                         002A0-002EF              50
                         00320-0036F              50
                         003A0-003EF              50
                         00420-0046F              50
                         004A0-004EF              50
                         00520-0056F              50
                         005A0-005EF              50
                         00620-0064F              30
        SFR0             00000-0001F              20           1
        SFR1             00080-0009F              20           1
        SFR10            00500-0051F              20           1
        SFR11            00580-0059F              20           1
        SFR12            00600-0061F              20           1
        SFR13            00680-006EF              70           1
        SFR14            00700-0076F              70           1
        SFR15            00780-007EF              70           1
        SFR16            00800-0086F              70           1
        SFR17            00880-008EF              70           1
        SFR18            00900-0096F              70           1
        SFR19            00980-009EF              70           1
        SFR2             00100-0011F              20           1
        SFR20            00A00-00A6F              70           1
        SFR21            00A80-00AEF              70           1
        SFR22            00B00-00B6F              70           1
        SFR23            00B80-00BEF              70           1
        SFR24            00C00-00C6F              70           1
        SFR25            00C80-00CEF              70           1
        SFR26            00D00-00D6F              70           1
        SFR27            00D80-00DEF              70           1
        SFR28            00E00-00E6F              70           1
        SFR29            00E80-00EEF              70           1
        SFR3             00180-0019F              20           1
        SFR30            00F00-00F6F              70           1
        SFR31            00F80-00FEF              70           1
        SFR4             00200-0021F              20           1
        SFR5             00280-0029F              20           1
        SFR6             00300-0031F              20           1
        SFR7             00380-0039F              20           1
        SFR8             00400-0041F              20           1
        SFR9             00480-0049F              20           1
        STACK            02026-023EF             3CA           1
        STRCODE          00004-004BA             4B7           2
                         009F5-01FFF            160B
        STRING           00004-004BA             100           2
                         009F5-01FFF             100

                                  Symbol Table

?___lwdiv                      cstackCOMMON 00070
?___lwmod                      cstackCOMMON 00070
?___wmul                       cstackCOMMON 00070
DHT11_Read@dat                 cstackCOMMON 00072
DHT11_Read@i                   cstackCOMMON 00071
LCD5110_clearScreen@index      cstackBANK0  00020
LCD5110_send@data              cstackCOMMON 00077
LCD5110_send@dc                cstackCOMMON 00076
LCD5110_sendChar@character     cstackBANK0  00020
LCD5110_sendChar@column        cstackBANK0  00021
LCD5110_sendString@str         cstackBANK0  0002A
LCD5110_writeInteger@buf       cstackBANK0  0002F
LCD5110_writeInteger@v         cstackBANK0  0002D
SPI1_transfer@b                cstackCOMMON 00071
SPI_Exchange8bit@data          cstackCOMMON 00070
_ANSELCbits                    (abs)        0018E
_ANSELD                        (abs)        0018F
_DHT11_Check                   text20       004C7
_DHT11_Init                    text19       0050C
_DHT11_Read                    text18       00555
_IRCF0                         (abs)        004CB
_IRCF1                         (abs)        004CC
_IRCF2                         (abs)        004CD
_IRCF3                         (abs)        004CE
_LATDbits                      (abs)        0010F
_LCD5110_clearScreen           text13       005CB
_LCD5110_init                  text12       0065A
_LCD5110_send                  text15       004E1
_LCD5110_sendChar              text10       0068F
_LCD5110_sendString            text9        00523
_LCD5110_writeInteger          text4        004F8
_PORTDbits                     (abs)        0000F
_PPSLOCK                       (abs)        00E0F
_PPSLOCKbits                   (abs)        00E0F
_RC3PPSbits                    (abs)        00EA3
_RC5PPSbits                    (abs)        00EA5
_SCS0                          (abs)        004C8
_SCS1                          (abs)        004C9
_SPI1_transfer                 text16       004BB
_SPI_Exchange8bit              text17       004CF
_SPI_Initialize                text3        004C0
_SPLLEN                        (abs)        004CF
_SSP1ADD                       (abs)        00212
_SSP1CON1                      (abs)        00215
_SSP1CON1bits                  (abs)        00215
_SSP1STAT                      (abs)        00214
_SSP1STATbits                  (abs)        00214
_SSPBUF                        (abs)        00211
_SSPDATPPSbits                 (abs)        00E21
_TRISCbits                     (abs)        0008E
_TRISD                         (abs)        0008F
_TRISDbits                     (abs)        0008F
__CFG_BOREN$OFF                (abs)        00000
__CFG_BORV$LO                  (abs)        00000
__CFG_CLKOUTEN$OFF             (abs)        00000
__CFG_CP$OFF                   (abs)        00000
__CFG_FCMEN$OFF                (abs)        00000
__CFG_FOSC$INTOSC              (abs)        00000
__CFG_IESO$ON                  (abs)        00000
__CFG_LPBOR$OFF                (abs)        00000
__CFG_LVP$OFF                  (abs)        00000
__CFG_MCLRE$OFF                (abs)        00000
__CFG_PLLEN$OFF                (abs)        00000
__CFG_PPS1WAY$ON               (abs)        00000
__CFG_PWRTE$OFF                (abs)        00000
__CFG_STVREN$ON                (abs)        00000
__CFG_WDTE$OFF                 (abs)        00000
__CFG_WRT$OFF                  (abs)        00000
__CFG_ZCDDIS$ON                (abs)        00000
__Habs1                        abs1         00000
__Hbank0                       bank0        00000
__Hbank1                       bank1        00000
__Hbank10                      bank10       00000
__Hbank11                      bank11       00000
__Hbank12                      bank12       00000
__Hbank13                      bank13       00000
__Hbank14                      bank14       00000
__Hbank15                      bank15       00000
__Hbank16                      bank16       00000
__Hbank17                      bank17       00000
__Hbank18                      bank18       00000
__Hbank19                      bank19       00000
__Hbank2                       bank2        00000
__Hbank20                      bank20       00000
__Hbank21                      bank21       00000
__Hbank22                      bank22       00000
__Hbank23                      bank23       00000
__Hbank24                      bank24       00000
__Hbank25                      bank25       00000
__Hbank26                      bank26       00000
__Hbank27                      bank27       00000
__Hbank28                      bank28       00000
__Hbank29                      bank29       00000
__Hbank3                       bank3        00000
__Hbank30                      bank30       00000
__Hbank31                      bank31       00000
__Hbank4                       bank4        00000
__Hbank5                       bank5        00000
__Hbank6                       bank6        00000
__Hbank7                       bank7        00000
__Hbank8                       bank8        00000
__Hbank9                       bank9        00000
__Hbigram                      bigram       00000
__Hcinit                       cinit        00800
__Hclrtext                     clrtext      00000
__Hcode                        code         00000
__Hcommon                      common       00000
__Hconfig                      config       08009
__HcstackBANK0                 cstackBANK0  00000
__HcstackCOMMON                cstackCOMMON 00000
__Heeprom_data                 eeprom_data  00000
__Hend_init                    end_init     00004
__Hfunctab                     functab      00000
__Hidloc                       idloc        00000
__Hinit                        init         00002
__Hintentry                    intentry     00002
__Hmaintext                    maintext     00000
__Hpowerup                     powerup      00000
__Hram                         ram          00000
__Hreset_vec                   reset_vec    00002
__Hsfr0                        sfr0         00000
__Hsfr1                        sfr1         00000
__Hsfr10                       sfr10        00000
__Hsfr11                       sfr11        00000
__Hsfr12                       sfr12        00000
__Hsfr13                       sfr13        00000
__Hsfr14                       sfr14        00000
__Hsfr15                       sfr15        00000
__Hsfr16                       sfr16        00000
__Hsfr17                       sfr17        00000
__Hsfr18                       sfr18        00000
__Hsfr19                       sfr19        00000
__Hsfr2                        sfr2         00000
__Hsfr20                       sfr20        00000
__Hsfr21                       sfr21        00000
__Hsfr22                       sfr22        00000
__Hsfr23                       sfr23        00000
__Hsfr24                       sfr24        00000
__Hsfr25                       sfr25        00000
__Hsfr26                       sfr26        00000
__Hsfr27                       sfr27        00000
__Hsfr28                       sfr28        00000
__Hsfr29                       sfr29        00000
__Hsfr3                        sfr3         00000
__Hsfr30                       sfr30        00000
__Hsfr31                       sfr31        00000
__Hsfr4                        sfr4         00000
__Hsfr5                        sfr5         00000
__Hsfr6                        sfr6         00000
__Hsfr7                        sfr7         00000
__Hsfr8                        sfr8         00000
__Hsfr9                        sfr9         00000
__Hspace_0                     (abs)        08009
__Hspace_1                     (abs)        0007E
__Hspace_2                     (abs)        00000
__Hspace_3                     (abs)        00000
__Hstack                       stack        00000
__Hstrings                     strings      00000
__Hstringtext                  stringtext   00000
__Htext                        text         00000
__Labs1                        abs1         00000
__Lbank0                       bank0        00000
__Lbank1                       bank1        00000
__Lbank10                      bank10       00000
__Lbank11                      bank11       00000
__Lbank12                      bank12       00000
__Lbank13                      bank13       00000
__Lbank14                      bank14       00000
__Lbank15                      bank15       00000
__Lbank16                      bank16       00000
__Lbank17                      bank17       00000
__Lbank18                      bank18       00000
__Lbank19                      bank19       00000
__Lbank2                       bank2        00000
__Lbank20                      bank20       00000
__Lbank21                      bank21       00000
__Lbank22                      bank22       00000
__Lbank23                      bank23       00000
__Lbank24                      bank24       00000
__Lbank25                      bank25       00000
__Lbank26                      bank26       00000
__Lbank27                      bank27       00000
__Lbank28                      bank28       00000
__Lbank29                      bank29       00000
__Lbank3                       bank3        00000
__Lbank30                      bank30       00000
__Lbank31                      bank31       00000
__Lbank4                       bank4        00000
__Lbank5                       bank5        00000
__Lbank6                       bank6        00000
__Lbank7                       bank7        00000
__Lbank8                       bank8        00000
__Lbank9                       bank9        00000
__Lbigram                      bigram       00000
__Lcinit                       cinit        007FD
__Lclrtext                     clrtext      00000
__Lcode                        code         00000
__Lcommon                      common       00000
__Lconfig                      config       08007
__LcstackBANK0                 cstackBANK0  00000
__LcstackCOMMON                cstackCOMMON 00000
__Leeprom_data                 eeprom_data  00000
__Lend_init                    end_init     00002
__Lfunctab                     functab      00000
__Lidloc                       idloc        00000
__Linit                        init         00002
__Lintentry                    intentry     00002
__Lmaintext                    maintext     00000
__Lpowerup                     powerup      00000
__Lram                         ram          00000
__Lreset_vec                   reset_vec    00000
__Lsfr0                        sfr0         00000
__Lsfr1                        sfr1         00000
__Lsfr10                       sfr10        00000
__Lsfr11                       sfr11        00000
__Lsfr12                       sfr12        00000
__Lsfr13                       sfr13        00000
__Lsfr14                       sfr14        00000
__Lsfr15                       sfr15        00000
__Lsfr16                       sfr16        00000
__Lsfr17                       sfr17        00000
__Lsfr18                       sfr18        00000
__Lsfr19                       sfr19        00000
__Lsfr2                        sfr2         00000
__Lsfr20                       sfr20        00000
__Lsfr21                       sfr21        00000
__Lsfr22                       sfr22        00000
__Lsfr23                       sfr23        00000
__Lsfr24                       sfr24        00000
__Lsfr25                       sfr25        00000
__Lsfr26                       sfr26        00000
__Lsfr27                       sfr27        00000
__Lsfr28                       sfr28        00000
__Lsfr29                       sfr29        00000
__Lsfr3                        sfr3         00000
__Lsfr30                       sfr30        00000
__Lsfr31                       sfr31        00000
__Lsfr4                        sfr4         00000
__Lsfr5                        sfr5         00000
__Lsfr6                        sfr6         00000
__Lsfr7                        sfr7         00000
__Lsfr8                        sfr8         00000
__Lsfr9                        sfr9         00000
__Lspace_0                     (abs)        00000
__Lspace_1                     (abs)        00000
__Lspace_2                     (abs)        00000
__Lspace_3                     (abs)        00000
__Lstack                       stack        00000
__Lstrings                     strings      00000
__Lstringtext                  stringtext   00000
__Ltext                        text         00000
__S0                           (abs)        08009
__S1                           (abs)        0007E
__S2                           (abs)        00000
___int_sp                      stack        00000
___latbits                     (abs)        00002
___lwdiv                       text8        00626
___lwdiv@counter               cstackCOMMON 00077
___lwdiv@dividend              cstackCOMMON 00072
___lwdiv@divisor               cstackCOMMON 00070
___lwdiv@quotient              cstackCOMMON 00075
___lwmod                       text7        0059F
___lwmod@counter               cstackCOMMON 00075
___lwmod@dividend              cstackCOMMON 00072
___lwmod@divisor               cstackCOMMON 00070
___sp                          stack        00000
___wmul                        text11       0053A
___wmul@multiplicand           cstackCOMMON 00072
___wmul@multiplier             cstackCOMMON 00070
___wmul@product                cstackCOMMON 00074
__end_of_DHT11_Check           text20       004CF
__end_of_DHT11_Init            text19       00523
__end_of_DHT11_Read            text18       00579
__end_of_LCD5110_clearScreen   text13       005F8
__end_of_LCD5110_init          text12       0068F
__end_of_LCD5110_send          text15       004EC
__end_of_LCD5110_sendChar      text10       006CE
__end_of_LCD5110_sendString    text9        0053A
__end_of_LCD5110_writeInteger  text4        0050C
__end_of_SPI1_transfer         text16       004C0
__end_of_SPI_Exchange8bit      text17       004D8
__end_of_SPI_Initialize        text3        004C7
__end_of___lwdiv               text8        0065A
__end_of___lwmod               text7        005CB
__end_of___wmul                text11       00555
__end_of__initialization       cinit        007FD
__end_of_font                  stringtext   009E0
__end_of_initMain              text1        00626
__end_of_internal_16           text2        004E1
__end_of_itoa                  text5        0059F
__end_of_main                  maintext     007FD
__end_of_set_xy                text14       004F8
__end_of_utoa                  text6        00730
__initialization               cinit        007FD
__pcstackBANK0                 cstackBANK0  00020
__pcstackCOMMON                cstackCOMMON 00070
__pmaintext                    maintext     00730
__pstringtext                  stringtext   00800
__ptext1                       text1        005F8
__ptext10                      text10       0068F
__ptext11                      text11       0053A
__ptext12                      text12       0065A
__ptext13                      text13       005CB
__ptext14                      text14       004EC
__ptext15                      text15       004E1
__ptext16                      text16       004BB
__ptext17                      text17       004CF
__ptext18                      text18       00555
__ptext19                      text19       0050C
__ptext2                       text2        004D8
__ptext20                      text20       004C7
__ptext3                       text3        004C0
__ptext4                       text4        004F8
__ptext5                       text5        00579
__ptext6                       text6        006CE
__ptext7                       text7        0059F
__ptext8                       text8        00626
__ptext9                       text9        00523
__size_of_DHT11_Check          (abs)        00000
__size_of_DHT11_Init           (abs)        00000
__size_of_DHT11_Read           (abs)        00000
__size_of_LCD5110_clearScreen  (abs)        00000
__size_of_LCD5110_init         (abs)        00000
__size_of_LCD5110_send         (abs)        00000
__size_of_LCD5110_sendChar     (abs)        00000
__size_of_LCD5110_sendString   (abs)        00000
__size_of_LCD5110_writeInteger (abs)        00000
__size_of_SPI1_transfer        (abs)        00000
__size_of_SPI_Exchange8bit     (abs)        00000
__size_of_SPI_Initialize       (abs)        00000
__size_of___lwdiv              (abs)        00000
__size_of___lwmod              (abs)        00000
__size_of___wmul               (abs)        00000
__size_of_initMain             (abs)        00000
__size_of_internal_16          (abs)        00000
__size_of_itoa                 (abs)        00000
__size_of_main                 (abs)        00000
__size_of_set_xy               (abs)        00000
__size_of_utoa                 (abs)        00000
_font                          stringtext   00800
_initMain                      text1        005F8
_internal_16                   text2        004D8
_itoa                          text5        00579
_main                          maintext     00730
_set_xy                        text14       004EC
_utoa                          text6        006CE
btemp                          (abs)        0007E
end_of_initialization          cinit        007FD
intlevel0                      functab      00000
intlevel1                      functab      00000
intlevel2                      functab      00000
intlevel3                      functab      00000
intlevel4                      functab      00000
intlevel5                      functab      00000
itoa@base                      cstackBANK0  00026
itoa@buf                       cstackBANK0  00029
itoa@cp                        cstackBANK0  00028
itoa@val                       cstackBANK0  00024
ltemp                          (abs)        0007E
ltemp0                         (abs)        0007E
ltemp1                         (abs)        00082
ltemp2                         (abs)        00086
ltemp3                         (abs)        00080
main@Checksum                  cstackBANK0  00043
main@RH_Decimal                cstackBANK0  00041
main@RH_Integral               cstackBANK0  00044
main@T_Decimal                 cstackBANK0  00042
main@T_Integral                cstackBANK0  00045
reset_vec                      reset_vec    00000
set_xy@x                       cstackCOMMON 00078
set_xy@y                       cstackCOMMON 0007A
stackhi                        (abs)        023EF
stacklo                        (abs)        02026
start                          init         00002
start_initialization           cinit        007FD
ttemp                          (abs)        0007E
ttemp0                         (abs)        0007E
ttemp1                         (abs)        00081
ttemp2                         (abs)        00084
ttemp3                         (abs)        00087
ttemp4                         (abs)        0007F
utoa@base                      cstackCOMMON 0007A
utoa@buf                       cstackBANK0  00023
utoa@c                         cstackBANK0  00022
utoa@v                         cstackBANK0  00020
utoa@val                       cstackCOMMON 00078
wtemp                          (abs)        0007E
wtemp0                         (abs)        0007E
wtemp1                         (abs)        00080
wtemp2                         (abs)        00082
wtemp3                         (abs)        00084
wtemp4                         (abs)        00086
wtemp5                         (abs)        00088
wtemp6                         (abs)        0007F


FUNCTION INFORMATION:

 *************** function _main *****************
 Defined at:
		line 100 in file "Main.c"
 Parameters:    Size  Location     Type
		None
 Auto vars:     Size  Location     Type
  T_Integral      1   37[BANK0 ] unsigned char 
  RH_Integral     1   36[BANK0 ] unsigned char 
  Checksum        1   35[BANK0 ] unsigned char 
  T_Decimal       1   34[BANK0 ] unsigned char 
  RH_Decimal      1   33[BANK0 ] unsigned char 
 Return value:  Size  Location     Type
                  1    wreg      void 
 Registers used:
		wreg, fsr0l, fsr0h, fsr1l, fsr1h, status,2, status,0, pclath, cstack
 Tracked objects:
		On entry : 
		On exit  : 
		Unchanged: 
 Data sizes:     COMMON   BANK0   BANK1   BANK2   BANK3   BANK4   BANK5   BANK6   BANK7   BANK8   BANK9  BANK10  BANK11  BANK12
      Params:         0       0       0       0       0       0       0       0       0       0       0       0       0       0
      Locals:         0       5       0       0       0       0       0       0       0       0       0       0       0       0
      Temps:          0      10       0       0       0       0       0       0       0       0       0       0       0       0
      Totals:         0      15       0       0       0       0       0       0       0       0       0       0       0       0
Total ram usage:       15 bytes
 Hardware stack levels required when called:    6
 This function calls:
		_DHT11_Check
		_DHT11_Init
		_DHT11_Read
		_LCD5110_clearScreen
		_LCD5110_init
		_LCD5110_send
		_LCD5110_sendString
		_LCD5110_writeInteger
		_initMain
 This function is called by:
		Startup code after reset
 This function uses a non-reentrant model


 *************** function _initMain *****************
 Defined at:
		line 51 in file "Main.c"
 Parameters:    Size  Location     Type
		None
 Auto vars:     Size  Location     Type
		None
 Return value:  Size  Location     Type
                  1    wreg      void 
 Registers used:
		wreg, status,2, status,0, pclath, cstack
 Tracked objects:
		On entry : 
		On exit  : 
		Unchanged: 
 Data sizes:     COMMON   BANK0   BANK1   BANK2   BANK3   BANK4   BANK5   BANK6   BANK7   BANK8   BANK9  BANK10  BANK11  BANK12
      Params:         0       0       0       0       0       0       0       0       0       0       0       0       0       0
      Locals:         0       0       0       0       0       0       0       0       0       0       0       0       0       0
      Temps:          0       0       0       0       0       0       0       0       0       0       0       0       0       0
      Totals:         0       0       0       0       0       0       0       0       0       0       0       0       0       0
Total ram usage:        0 bytes
 Hardware stack levels used:    1
 Hardware stack levels required when called:    1
 This function calls:
		_SPI_Initialize
		_internal_16
 This function is called by:
		_main
 This function uses a non-reentrant model


 *************** function _internal_16 *****************
 Defined at:
		line 56 in file "16F1717_Internal.c"
 Parameters:    Size  Location     Type
		None
 Auto vars:     Size  Location     Type
		None
 Return value:  Size  Location     Type
                  1    wreg      void 
 Registers used:
		None
 Tracked objects:
		On entry : 
		On exit  : 
		Unchanged: 
 Data sizes:     COMMON   BANK0   BANK1   BANK2   BANK3   BANK4   BANK5   BANK6   BANK7   BANK8   BANK9  BANK10  BANK11  BANK12
      Params:         0       0       0       0       0       0       0       0       0       0       0       0       0       0
      Locals:         0       0       0       0       0       0       0       0       0       0       0       0       0       0
      Temps:          0       0       0       0       0       0       0       0       0       0       0       0       0       0
      Totals:         0       0       0       0       0       0       0       0       0       0       0       0       0       0
Total ram usage:        0 bytes
 Hardware stack levels used:    1
 This function calls:
		Nothing
 This function is called by:
		_initMain
 This function uses a non-reentrant model


 *************** function _SPI_Initialize *****************
 Defined at:
		line 117 in file "SPI.c"
 Parameters:    Size  Location     Type
		None
 Auto vars:     Size  Location     Type
		None
 Return value:  Size  Location     Type
                  1    wreg      void 
 Registers used:
		wreg, status,2
 Tracked objects:
		On entry : 
		On exit  : 
		Unchanged: 
 Data sizes:     COMMON   BANK0   BANK1   BANK2   BANK3   BANK4   BANK5   BANK6   BANK7   BANK8   BANK9  BANK10  BANK11  BANK12
      Params:         0       0       0       0       0       0       0       0       0       0       0       0       0       0
      Locals:         0       0       0       0       0       0       0       0       0       0       0       0       0       0
      Temps:          0       0       0       0       0       0       0       0       0       0       0       0       0       0
      Totals:         0       0       0       0       0       0       0       0       0       0       0       0       0       0
Total ram usage:        0 bytes
 Hardware stack levels used:    1
 This function calls:
		Nothing
 This function is called by:
		_initMain
 This function uses a non-reentrant model


 *************** function _LCD5110_writeInteger *****************
 Defined at:
		line 265 in file "Nokia5110.c"
 Parameters:    Size  Location     Type
  v               2   13[BANK0 ] int 
 Auto vars:     Size  Location     Type
  buf             8   15[BANK0 ] unsigned char [8]
 Return value:  Size  Location     Type
                  1    wreg      void 
 Registers used:
		wreg, fsr0l, fsr0h, fsr1l, fsr1h, status,2, status,0, pclath, cstack
 Tracked objects:
		On entry : 
		On exit  : 
		Unchanged: 
 Data sizes:     COMMON   BANK0   BANK1   BANK2   BANK3   BANK4   BANK5   BANK6   BANK7   BANK8   BANK9  BANK10  BANK11  BANK12
      Params:         0       2       0       0       0       0       0       0       0       0       0       0       0       0
      Locals:         0       8       0       0       0       0       0       0       0       0       0       0       0       0
      Temps:          0       0       0       0       0       0       0       0       0       0       0       0       0       0
      Totals:         0      10       0       0       0       0       0       0       0       0       0       0       0       0
Total ram usage:       10 bytes
 Hardware stack levels used:    1
 Hardware stack levels required when called:    5
 This function calls:
		_LCD5110_sendString
		_itoa
 This function is called by:
		_main
 This function uses a non-reentrant model


 *************** function _itoa *****************
 Defined at:
		line 4 in file "C:\Program Files (x86)\Microchip\xc8\v1.38\sources\common\itoa.c"
 Parameters:    Size  Location     Type
  buf             1    wreg     PTR unsigned char 
		 -> LCD5110_writeInteger@buf(8), 
  val             2    4[BANK0 ] int 
  base            2    6[BANK0 ] int 
 Auto vars:     Size  Location     Type
  buf             1    9[BANK0 ] PTR unsigned char 
		 -> LCD5110_writeInteger@buf(8), 
  cp              1    8[BANK0 ] PTR unsigned char 
		 -> LCD5110_writeInteger@buf(8), 
 Return value:  Size  Location     Type
                  1    wreg      PTR unsigned char 
 Registers used:
		wreg, fsr1l, fsr1h, status,2, status,0, pclath, cstack
 Tracked objects:
		On entry : 
		On exit  : 
		Unchanged: 
 Data sizes:     COMMON   BANK0   BANK1   BANK2   BANK3   BANK4   BANK5   BANK6   BANK7   BANK8   BANK9  BANK10  BANK11  BANK12
      Params:         0       4       0       0       0       0       0       0       0       0       0       0       0       0
      Locals:         0       2       0       0       0       0       0       0       0       0       0       0       0       0
      Temps:          1       0       0       0       0       0       0       0       0       0       0       0       0       0
      Totals:         1       6       0       0       0       0       0       0       0       0       0       0       0       0
Total ram usage:        7 bytes
 Hardware stack levels used:    1
 Hardware stack levels required when called:    2
 This function calls:
		_utoa
 This function is called by:
		_LCD5110_writeInteger
 This function uses a non-reentrant model


 *************** function _utoa *****************
 Defined at:
		line 17 in file "C:\Program Files (x86)\Microchip\xc8\v1.38\sources\common\itoa.c"
 Parameters:    Size  Location     Type
  buf             1    wreg     PTR unsigned char 
		 -> LCD5110_writeInteger@buf(8), 
  val             2    8[COMMON] unsigned int 
  base            2   10[COMMON] int 
 Auto vars:     Size  Location     Type
  buf             1    3[BANK0 ] PTR unsigned char 
		 -> LCD5110_writeInteger@buf(8), 
  v               2    0[BANK0 ] unsigned int 
  c               1    2[BANK0 ] unsigned char 
 Return value:  Size  Location     Type
                  1    wreg      PTR unsigned char 
 Registers used:
		wreg, fsr1l, fsr1h, status,2, status,0, pclath, cstack
 Tracked objects:
		On entry : 
		On exit  : 
		Unchanged: 
 Data sizes:     COMMON   BANK0   BANK1   BANK2   BANK3   BANK4   BANK5   BANK6   BANK7   BANK8   BANK9  BANK10  BANK11  BANK12
      Params:         4       0       0       0       0       0       0       0       0       0       0       0       0       0
      Locals:         0       4       0       0       0       0       0       0       0       0       0       0       0       0
      Temps:          1       0       0       0       0       0       0       0       0       0       0       0       0       0
      Totals:         5       4       0       0       0       0       0       0       0       0       0       0       0       0
Total ram usage:        9 bytes
 Hardware stack levels used:    1
 Hardware stack levels required when called:    1
 This function calls:
		___lwdiv
		___lwmod
 This function is called by:
		_itoa
 This function uses a non-reentrant model


 *************** function ___lwmod *****************
 Defined at:
		line 6 in file "C:\Program Files (x86)\Microchip\xc8\v1.38\sources\common\lwmod.c"
 Parameters:    Size  Location     Type
  divisor         2    0[COMMON] unsigned int 
  dividend        2    2[COMMON] unsigned int 
 Auto vars:     Size  Location     Type
  counter         1    5[COMMON] unsigned char 
 Return value:  Size  Location     Type
                  2    0[COMMON] unsigned int 
 Registers used:
		wreg, status,2, status,0
 Tracked objects:
		On entry : 
		On exit  : 
		Unchanged: 
 Data sizes:     COMMON   BANK0   BANK1   BANK2   BANK3   BANK4   BANK5   BANK6   BANK7   BANK8   BANK9  BANK10  BANK11  BANK12
      Params:         4       0       0       0       0       0       0       0       0       0       0       0       0       0
      Locals:         1       0       0       0       0       0       0       0       0       0       0       0       0       0
      Temps:          1       0       0       0       0       0       0       0       0       0       0       0       0       0
      Totals:         6       0       0       0       0       0       0       0       0       0       0       0       0       0
Total ram usage:        6 bytes
 Hardware stack levels used:    1
 This function calls:
		Nothing
 This function is called by:
		_utoa
 This function uses a non-reentrant model


 *************** function ___lwdiv *****************
 Defined at:
		line 6 in file "C:\Program Files (x86)\Microchip\xc8\v1.38\sources\common\lwdiv.c"
 Parameters:    Size  Location     Type
  divisor         2    0[COMMON] unsigned int 
  dividend        2    2[COMMON] unsigned int 
 Auto vars:     Size  Location     Type
  quotient        2    5[COMMON] unsigned int 
  counter         1    7[COMMON] unsigned char 
 Return value:  Size  Location     Type
                  2    0[COMMON] unsigned int 
 Registers used:
		wreg, status,2, status,0
 Tracked objects:
		On entry : 
		On exit  : 
		Unchanged: 
 Data sizes:     COMMON   BANK0   BANK1   BANK2   BANK3   BANK4   BANK5   BANK6   BANK7   BANK8   BANK9  BANK10  BANK11  BANK12
      Params:         4       0       0       0       0       0       0       0       0       0       0       0       0       0
      Locals:         3       0       0       0       0       0       0       0       0       0       0       0       0       0
      Temps:          1       0       0       0       0       0       0       0       0       0       0       0       0       0
      Totals:         8       0       0       0       0       0       0       0       0       0       0       0       0       0
Total ram usage:        8 bytes
 Hardware stack levels used:    1
 This function calls:
		Nothing
 This function is called by:
		_utoa
 This function uses a non-reentrant model


 *************** function _LCD5110_sendString *****************
 Defined at:
		line 246 in file "Nokia5110.c"
 Parameters:    Size  Location     Type
  str             2   10[BANK0 ] PTR const unsigned char 
		 -> LCD5110_writeInteger@buf(8), STR_4(7), STR_3(6), STR_2(4), 
		 -> STR_1(4), 
 Auto vars:     Size  Location     Type
		None
 Return value:  Size  Location     Type
                  1    wreg      void 
 Registers used:
		wreg, fsr0l, fsr0h, status,2, status,0, pclath, cstack
 Tracked objects:
		On entry : 
		On exit  : 
		Unchanged: 
 Data sizes:     COMMON   BANK0   BANK1   BANK2   BANK3   BANK4   BANK5   BANK6   BANK7   BANK8   BANK9  BANK10  BANK11  BANK12
      Params:         0       2       0       0       0       0       0       0       0       0       0       0       0       0
      Locals:         0       0       0       0       0       0       0       0       0       0       0       0       0       0
      Temps:          0       1       0       0       0       0       0       0       0       0       0       0       0       0
      Totals:         0       3       0       0       0       0       0       0       0       0       0       0       0       0
Total ram usage:        3 bytes
 Hardware stack levels used:    1
 Hardware stack levels required when called:    4
 This function calls:
		_LCD5110_sendChar
 This function is called by:
		_main
		_LCD5110_writeInteger
 This function uses a non-reentrant model


 *************** function _LCD5110_sendChar *****************
 Defined at:
		line 223 in file "Nokia5110.c"
 Parameters:    Size  Location     Type
  character       1    wreg     unsigned char 
 Auto vars:     Size  Location     Type
  character       1    0[BANK0 ] unsigned char 
  column          1    1[BANK0 ] unsigned char 
 Return value:  Size  Location     Type
                  1    wreg      void 
 Registers used:
		wreg, fsr0l, fsr0h, status,2, status,0, pclath, cstack
 Tracked objects:
		On entry : 
		On exit  : 
		Unchanged: 
 Data sizes:     COMMON   BANK0   BANK1   BANK2   BANK3   BANK4   BANK5   BANK6   BANK7   BANK8   BANK9  BANK10  BANK11  BANK12
      Params:         0       0       0       0       0       0       0       0       0       0       0       0       0       0
      Locals:         0       2       0       0       0       0       0       0       0       0       0       0       0       0
      Temps:          6       0       0       0       0       0       0       0       0       0       0       0       0       0
      Totals:         6       2       0       0       0       0       0       0       0       0       0       0       0       0
Total ram usage:        8 bytes
 Hardware stack levels used:    1
 Hardware stack levels required when called:    3
 This function calls:
		_LCD5110_send
		___wmul
 This function is called by:
		_LCD5110_sendString
 This function uses a non-reentrant model


 *************** function ___wmul *****************
 Defined at:
		line 15 in file "C:\Program Files (x86)\Microchip\xc8\v1.38\sources\common\Umul16.c"
 Parameters:    Size  Location     Type
  multiplier      2    0[COMMON] unsigned int 
  multiplicand    2    2[COMMON] unsigned int 
 Auto vars:     Size  Location     Type
  product         2    4[COMMON] unsigned int 
 Return value:  Size  Location     Type
                  2    0[COMMON] unsigned int 
 Registers used:
		wreg, status,2, status,0
 Tracked objects:
		On entry : 
		On exit  : 
		Unchanged: 
 Data sizes:     COMMON   BANK0   BANK1   BANK2   BANK3   BANK4   BANK5   BANK6   BANK7   BANK8   BANK9  BANK10  BANK11  BANK12
      Params:         4       0       0       0       0       0       0       0       0       0       0       0       0       0
      Locals:         2       0       0       0       0       0       0       0       0       0       0       0       0       0
      Temps:          0       0       0       0       0       0       0       0       0       0       0       0       0       0
      Totals:         6       0       0       0       0       0       0       0       0       0       0       0       0       0
Total ram usage:        6 bytes
 Hardware stack levels used:    1
 This function calls:
		Nothing
 This function is called by:
		_LCD5110_sendChar
 This function uses a non-reentrant model


 *************** function _LCD5110_init *****************
 Defined at:
		line 148 in file "Nokia5110.c"
 Parameters:    Size  Location     Type
		None
 Auto vars:     Size  Location     Type
		None
 Return value:  Size  Location     Type
                  1    wreg      void 
 Registers used:
		wreg, status,2, status,0, pclath, cstack
 Tracked objects:
		On entry : 
		On exit  : 
		Unchanged: 
 Data sizes:     COMMON   BANK0   BANK1   BANK2   BANK3   BANK4   BANK5   BANK6   BANK7   BANK8   BANK9  BANK10  BANK11  BANK12
      Params:         0       0       0       0       0       0       0       0       0       0       0       0       0       0
      Locals:         0       0       0       0       0       0       0       0       0       0       0       0       0       0
      Temps:          2       0       0       0       0       0       0       0       0       0       0       0       0       0
      Totals:         2       0       0       0       0       0       0       0       0       0       0       0       0       0
Total ram usage:        2 bytes
 Hardware stack levels used:    1
 Hardware stack levels required when called:    3
 This function calls:
		_LCD5110_send
 This function is called by:
		_main
 This function uses a non-reentrant model


 *************** function _LCD5110_clearScreen *****************
 Defined at:
		line 205 in file "Nokia5110.c"
 Parameters:    Size  Location     Type
		None
 Auto vars:     Size  Location     Type
  index           2    0[BANK0 ] int 
 Return value:  Size  Location     Type
                  2   65[None  ] int 
 Registers used:
		wreg, status,2, status,0, pclath, cstack
 Tracked objects:
		On entry : 
		On exit  : 
		Unchanged: 
 Data sizes:     COMMON   BANK0   BANK1   BANK2   BANK3   BANK4   BANK5   BANK6   BANK7   BANK8   BANK9  BANK10  BANK11  BANK12
      Params:         0       0       0       0       0       0       0       0       0       0       0       0       0       0
      Locals:         0       2       0       0       0       0       0       0       0       0       0       0       0       0
      Temps:          1       0       0       0       0       0       0       0       0       0       0       0       0       0
      Totals:         1       2       0       0       0       0       0       0       0       0       0       0       0       0
Total ram usage:        3 bytes
 Hardware stack levels used:    1
 Hardware stack levels required when called:    4
 This function calls:
		_LCD5110_send
		_set_xy
 This function is called by:
		_main
 This function uses a non-reentrant model


 *************** function _set_xy *****************
 Defined at:
		line 189 in file "Nokia5110.c"
 Parameters:    Size  Location     Type
  x               2    8[COMMON] int 
  y               2   10[COMMON] int 
 Auto vars:     Size  Location     Type
		None
 Return value:  Size  Location     Type
                  1    wreg      void 
 Registers used:
		wreg, status,2, status,0, pclath, cstack
 Tracked objects:
		On entry : 
		On exit  : 
		Unchanged: 
 Data sizes:     COMMON   BANK0   BANK1   BANK2   BANK3   BANK4   BANK5   BANK6   BANK7   BANK8   BANK9  BANK10  BANK11  BANK12
      Params:         4       0       0       0       0       0       0       0       0       0       0       0       0       0
      Locals:         0       0       0       0       0       0       0       0       0       0       0       0       0       0
      Temps:          0       0       0       0       0       0       0       0       0       0       0       0       0       0
      Totals:         4       0       0       0       0       0       0       0       0       0       0       0       0       0
Total ram usage:        4 bytes
 Hardware stack levels used:    1
 Hardware stack levels required when called:    3
 This function calls:
		_LCD5110_send
 This function is called by:
		_LCD5110_clearScreen
		_LCD5110_drawBorder
		_LCD5110_setPixel
 This function uses a non-reentrant model


 *************** function _LCD5110_send *****************
 Defined at:
		line 173 in file "Nokia5110.c"
 Parameters:    Size  Location     Type
  data            1    wreg     unsigned char 
  dc              1    6[COMMON] unsigned char 
 Auto vars:     Size  Location     Type
  data            1    7[COMMON] unsigned char 
 Return value:  Size  Location     Type
                  1    wreg      void 
 Registers used:
		wreg, status,2, status,0, pclath, cstack
 Tracked objects:
		On entry : 
		On exit  : 
		Unchanged: 
 Data sizes:     COMMON   BANK0   BANK1   BANK2   BANK3   BANK4   BANK5   BANK6   BANK7   BANK8   BANK9  BANK10  BANK11  BANK12
      Params:         1       0       0       0       0       0       0       0       0       0       0       0       0       0
      Locals:         1       0       0       0       0       0       0       0       0       0       0       0       0       0
      Temps:          0       0       0       0       0       0       0       0       0       0       0       0       0       0
      Totals:         2       0       0       0       0       0       0       0       0       0       0       0       0       0
Total ram usage:        2 bytes
 Hardware stack levels used:    1
 Hardware stack levels required when called:    2
 This function calls:
		_SPI1_transfer
 This function is called by:
		_main
		_LCD5110_init
		_set_xy
		_LCD5110_clearScreen
		_LCD5110_sendChar
		_LCD5110_drawBitmap
		_LCD5110_drawBorder
		_LCD5110_setPixel
 This function uses a non-reentrant model


 *************** function _SPI1_transfer *****************
 Defined at:
		line 133 in file "Nokia5110.c"
 Parameters:    Size  Location     Type
  b               1    wreg     unsigned char 
 Auto vars:     Size  Location     Type
  b               1    1[COMMON] unsigned char 
 Return value:  Size  Location     Type
                  1    wreg      unsigned char 
 Registers used:
		wreg, status,2, status,0, pclath, cstack
 Tracked objects:
		On entry : 
		On exit  : 
		Unchanged: 
 Data sizes:     COMMON   BANK0   BANK1   BANK2   BANK3   BANK4   BANK5   BANK6   BANK7   BANK8   BANK9  BANK10  BANK11  BANK12
      Params:         0       0       0       0       0       0       0       0       0       0       0       0       0       0
      Locals:         1       0       0       0       0       0       0       0       0       0       0       0       0       0
      Temps:          0       0       0       0       0       0       0       0       0       0       0       0       0       0
      Totals:         1       0       0       0       0       0       0       0       0       0       0       0       0       0
Total ram usage:        1 bytes
 Hardware stack levels used:    1
 Hardware stack levels required when called:    1
 This function calls:
		_SPI_Exchange8bit
 This function is called by:
		_LCD5110_send
 This function uses a non-reentrant model


 *************** function _SPI_Exchange8bit *****************
 Defined at:
		line 165 in file "SPI.c"
 Parameters:    Size  Location     Type
  data            1    wreg     unsigned char 
 Auto vars:     Size  Location     Type
  data            1    0[COMMON] unsigned char 
 Return value:  Size  Location     Type
                  1    wreg      unsigned char 
 Registers used:
		wreg
 Tracked objects:
		On entry : 
		On exit  : 
		Unchanged: 
 Data sizes:     COMMON   BANK0   BANK1   BANK2   BANK3   BANK4   BANK5   BANK6   BANK7   BANK8   BANK9  BANK10  BANK11  BANK12
      Params:         0       0       0       0       0       0       0       0       0       0       0       0       0       0
      Locals:         1       0       0       0       0       0       0       0       0       0       0       0       0       0
      Temps:          0       0       0       0       0       0       0       0       0       0       0       0       0       0
      Totals:         1       0       0       0       0       0       0       0       0       0       0       0       0       0
Total ram usage:        1 bytes
 Hardware stack levels used:    1
 This function calls:
		Nothing
 This function is called by:
		_SPI1_transfer
		_SPI_Exchange8bitBuffer
 This function uses a non-reentrant model


 *************** function _DHT11_Read *****************
 Defined at:
		line 73 in file "DHT11.c"
 Parameters:    Size  Location     Type
		None
 Auto vars:     Size  Location     Type
  dat             1    2[COMMON] unsigned char 
  i               1    1[COMMON] unsigned char 
 Return value:  Size  Location     Type
                  1    wreg      unsigned char 
 Registers used:
		wreg, status,2, status,0
 Tracked objects:
		On entry : 
		On exit  : 
		Unchanged: 
 Data sizes:     COMMON   BANK0   BANK1   BANK2   BANK3   BANK4   BANK5   BANK6   BANK7   BANK8   BANK9  BANK10  BANK11  BANK12
      Params:         0       0       0       0       0       0       0       0       0       0       0       0       0       0
      Locals:         2       0       0       0       0       0       0       0       0       0       0       0       0       0
      Temps:          1       0       0       0       0       0       0       0       0       0       0       0       0       0
      Totals:         3       0       0       0       0       0       0       0       0       0       0       0       0       0
Total ram usage:        3 bytes
 Hardware stack levels used:    1
 This function calls:
		Nothing
 This function is called by:
		_main
 This function uses a non-reentrant model


 *************** function _DHT11_Init *****************
 Defined at:
		line 27 in file "DHT11.c"
 Parameters:    Size  Location     Type
		None
 Auto vars:     Size  Location     Type
		None
 Return value:  Size  Location     Type
                  1    wreg      void 
 Registers used:
		wreg
 Tracked objects:
		On entry : 
		On exit  : 
		Unchanged: 
 Data sizes:     COMMON   BANK0   BANK1   BANK2   BANK3   BANK4   BANK5   BANK6   BANK7   BANK8   BANK9  BANK10  BANK11  BANK12
      Params:         0       0       0       0       0       0       0       0       0       0       0       0       0       0
      Locals:         0       0       0       0       0       0       0       0       0       0       0       0       0       0
      Temps:          2       0       0       0       0       0       0       0       0       0       0       0       0       0
      Totals:         2       0       0       0       0       0       0       0       0       0       0       0       0       0
Total ram usage:        2 bytes
 Hardware stack levels used:    1
 This function calls:
		Nothing
 This function is called by:
		_main
 This function uses a non-reentrant model


 *************** function _DHT11_Check *****************
 Defined at:
		line 52 in file "DHT11.c"
 Parameters:    Size  Location     Type
		None
 Auto vars:     Size  Location     Type
		None
 Return value:  Size  Location     Type
                  1    wreg      void 
 Registers used:
		None
 Tracked objects:
		On entry : 
		On exit  : 
		Unchanged: 
 Data sizes:     COMMON   BANK0   BANK1   BANK2   BANK3   BANK4   BANK5   BANK6   BANK7   BANK8   BANK9  BANK10  BANK11  BANK12
      Params:         0       0       0       0       0       0       0       0       0       0       0       0       0       0
      Locals:         0       0       0       0       0       0       0       0       0       0       0       0       0       0
      Temps:          0       0       0       0       0       0       0       0       0       0       0       0       0       0
      Totals:         0       0       0       0       0       0       0       0       0       0       0       0       0       0
Total ram usage:        0 bytes
 Hardware stack levels used:    1
 This function calls:
		Nothing
 This function is called by:
		_main
 This function uses a non-reentrant model



MODULE INFORMATION

Module		Function		Class		Link	Load	Size
C:\Program Files (x86)\Microchip\xc8\v1.38\sources\common\lwmod.c
		___lwmod       		CODE           	059F	0000	45

C:\Program Files (x86)\Microchip\xc8\v1.38\sources\common\lwmod.c estimated size: 45

C:\Program Files (x86)\Microchip\xc8\v1.38\sources\common\Umul16.c
		___wmul        		CODE           	053A	0000	28

C:\Program Files (x86)\Microchip\xc8\v1.38\sources\common\Umul16.c estimated size: 28

C:\Program Files (x86)\Microchip\xc8\v1.38\sources\common\lwdiv.c
		___lwdiv       		CODE           	0626	0000	53

C:\Program Files (x86)\Microchip\xc8\v1.38\sources\common\lwdiv.c estimated size: 53

16F1717_Internal.c
		_internal_16   		CODE           	04D8	0000	10

16F1717_Internal.c estimated size: 10

DHT11.c
		_DHT11_Check   		CODE           	04C7	0000	9
		_DHT11_Init    		CODE           	050C	0000	24
		_DHT11_Read    		CODE           	0555	0000	37

DHT11.c estimated size: 70

C:\Program Files (x86)\Microchip\xc8\v1.38\sources\common\itoa.c
		_itoa          		CODE           	0579	0000	39
		_utoa          		CODE           	06CE	0000	99

C:\Program Files (x86)\Microchip\xc8\v1.38\sources\common\itoa.c estimated size: 138

Main.c
		_main          		CODE           	0730	0000	206
		_initMain      		CODE           	05F8	0000	47

Main.c estimated size: 253

shared
		_font          		STRCODE        	0800	0000	481
		__initialization		CODE           	07FD	0000	1

shared estimated size: 482

Nokia5110.c
		_LCD5110_send  		CODE           	04E1	0000	12
		_LCD5110_init  		CODE           	065A	0000	54
		_LCD5110_clearScreen		CODE           	05CB	0000	46
		_LCD5110_sendChar		CODE           	068F	0000	64
		_LCD5110_sendString		CODE           	0523	0000	24
		_LCD5110_writeInteger		CODE           	04F8	0000	21
		_SPI1_transfer 		CODE           	04BB	0000	6
		_set_xy        		CODE           	04EC	0000	13

Nokia5110.c estimated size: 240

SPI.c
		_SPI_Exchange8bit		CODE           	04CF	0000	10
		_SPI_Initialize		CODE           	04C0	0000	8

SPI.c estimated size: 18

