Microchip MPLAB XC8 Compiler V2.45

Linker command line:

-W-3 \
  --edf=C:\Program Files\Microchip\xc8\v2.45\pic\dat\20230818022343_en.msgs \
  -cn -h+dist/default/debug\45_ESP8266.X.debug.sym \
  --cmf=dist/default/debug\45_ESP8266.X.debug.cmf -z -Q16F1719 \
  -oC:\Users\armst\AppData\Local\Temp\xcAsm78.\driver_tmp_3.o \
  --defsym=__MPLAB_BUILD=1 --fixupoverflow=error \
  -Mdist/default/debug/45_ESP8266.X.debug.map \
  --md=C:\Users\armst\AppData\Local\Temp\xcAsm78.\driver_tmp_0.dat -E1 \
  -ver=XC8 Compiler --acfsm=1493 -ACODE=00h-07FFhx8 -ASTRCODE=00h-03FFFh \
  -ASTRING=00h-0FFhx64 -ACONST=00h-0FFhx64 -AENTRY=00h-0FFhx64 \
  -ACOMMON=070h-07Fh -ABANK0=020h-06Fh -ABANK1=0A0h-0EFh \
  -ABANK2=0120h-016Fh -ABANK3=01A0h-01EFh -ABANK4=0220h-026Fh \
  -ABANK5=02A0h-02EFh -ABANK6=0320h-036Fh -ABANK7=03A0h-03EFh \
  -ABANK8=0420h-046Fh -ABANK9=04A0h-04EFh -ABANK10=0520h-056Fh \
  -ABANK11=05A0h-05EFh -ABANK12=0620h-066Fh -ABANK13=06A0h-06EFh \
  -ABANK14=0720h-076Fh -ABANK15=07A0h-07EFh -ABANK16=0820h-086Fh \
  -ABANK17=08A0h-08EFh -ABANK18=0920h-096Fh -ABANK19=09A0h-09EFh \
  -ABANK20=0A20h-0A6Fh -ABANK21=0AA0h-0AEFh -ABANK22=0B20h-0B6Fh \
  -ABANK23=0BA0h-0BEFh -ABANK24=0C20h-0C6Fh -ABANK25=0CA0h-0CBFh \
  -ABIGRAM=02000h-027EFh \
  -ARAM=020h-06Fh,0A0h-0EFh,0120h-016Fh,01A0h-01EFh,0220h-026Fh,02A0h-02EFh,0320h-036Fh,03A0h-03EFh,0420h-046Fh,04A0h-04EFh,0520h-056Fh,05A0h-05EFh,0620h-066Fh,06A0h-06EFh,0720h-076Fh,07A0h-07EFh,0820h-086Fh,08A0h-08EFh,0920h-096Fh,09A0h-09EFh,0A20h-0A6Fh,0AA0h-0AEFh,0B20h-0B6Fh,0BA0h-0BEFh,0C20h-0C6Fh,0CA0h-0CBFh \
  -AABS1=020h-07Fh,0A0h-0EFh,0120h-016Fh,01A0h-01EFh,0220h-026Fh,02A0h-02EFh,0320h-036Fh,03A0h-03EFh,0420h-046Fh,04A0h-04EFh,0520h-056Fh,05A0h-05EFh,0620h-066Fh,06A0h-06EFh,0720h-076Fh,07A0h-07EFh,0820h-086Fh,08A0h-08EFh,0920h-096Fh,09A0h-09EFh,0A20h-0A6Fh,0AA0h-0AEFh,0B20h-0B6Fh,0BA0h-0BEFh,0C20h-0C6Fh,0CA0h-0CBFh \
  -ASFR0=00h-01Fh -ASFR1=080h-09Fh -ASFR2=0100h-011Fh -ASFR3=0180h-019Fh \
  -ASFR4=0200h-021Fh -ASFR5=0280h-029Fh -ASFR6=0300h-031Fh \
  -ASFR7=0380h-039Fh -ASFR8=0400h-041Fh -ASFR9=0480h-049Fh \
  -ASFR10=0500h-051Fh -ASFR11=0580h-059Fh -ASFR12=0600h-061Fh \
  -ASFR13=0680h-069Fh -ASFR14=0700h-071Fh -ASFR15=0780h-079Fh \
  -ASFR16=0800h-081Fh -ASFR17=0880h-089Fh -ASFR18=0900h-091Fh \
  -ASFR19=0980h-099Fh -ASFR20=0A00h-0A1Fh -ASFR21=0A80h-0A9Fh \
  -ASFR22=0B00h-0B1Fh -ASFR23=0B80h-0B9Fh -ASFR24=0C00h-0C1Fh \
  -ASFR25=0C80h-0C9Fh -ASFR26=0D00h-0D6Fh -ASFR27=0D80h-0DEFh \
  -ASFR28=0E00h-0E6Fh -ASFR29=0E80h-0EEFh -ASFR30=0F00h-0F6Fh \
  -ASFR31=0F80h-0FEFh -ACONFIG=08007h-08008h -DCONFIG=2 \
  -AIDLOC=08000h-08003h -DIDLOC=2 -DCODE=2 -DSTRCODE=2 -DSTRING=2 -DCONST=2 \
  -DENTRY=2 -preset_vec=00h,intentry=04h,init,end_init -ppowerup=CODE \
  -pcinit=CODE -pfunctab=ENTRY -k \
  C:\Users\armst\AppData\Local\Temp\xcAsm78.\driver_tmp_12.o \
  dist/default/debug\45_ESP8266.X.debug.o 

Object code version is 3.11

Machine type is 16F1719



                Name                               Link     Load   Length Selector   Space Scale
C:\Users\armst\AppData\Local\Temp\xcAsm78.\driver_tmp_12.o
                end_init                             11       11        2        8       0
                reset_vec                             0        0        3        0       0
                config                             8007     8007        2        0       4
dist/default/debug\45_ESP8266.X.debug.o
                cinit                                13       13        C        8       0
                intentry                              4        4        D        8       0
                config                             8007     8007        2        0       4
                text20                              D93      D93        A     1B26       0
                text19                              DA7      DA7       1D     1B4E       0
                text18                              DC4      DC4       1F     1B88       0
                text16                              F70      F70       90     1EE0       0
                text15                              EAF      EAF       51     1D5E       0
                text14                              7EC      7EC       10        8       0
                text13                              DE3      DE3       1F     1BC6       0
                text12                              25A      25A      208        8       0
                text11                              462      462      1AA        8       0
                text10                              E43      E43       24     1C86       0
                text9                                1F       1F      23B        8       0
                text8                               713      713       AB        8       0
                text7                               60C      60C      107        8       0
                text6                               D8A      D8A        9     1B14       0
                text5                               E67      E67       48     1CCE       0
                text4                               D9D      D9D        A     1B3A       0
                text3                               E02      E02       1F     1C04       0
                text2                               E21      E21       22     1C42       0
                text1                               7BE      7BE       2E        8       0
                maintext                            F00      F00       70     1E00       0
                cstackBANK0                          20       20       4E       20       1
                cstackCOMMON                         70       70        8       70       1
                cstackBANK1                          D2       D2       15       A0       1
                clrtext                             D84      D84        6     1B08       0
                bssBANK1                             A0       A0       32       A0       1
                stringtext5                        1043     1043        5     2000       0
                stringtext4                        1035     1035        E     2000       0
                stringtext3                        1025     1025       10     2000       0
                stringtext2                        1014     1014       11     2000       0
                stringtext1                        1000     1000       14     2000       0

TOTAL           Name                               Link     Load   Length     Space
        CLASS   CODE           
                end_init                             11       11        2         0
                cinit                                13       13        C         0
                intentry                              4        4        D         0
                reset_vec                             0        0        3         0
                text20                              D93      D93        A         0
                text19                              DA7      DA7       1D         0
                text18                              DC4      DC4       1F         0
                text16                              F70      F70       90         0
                text15                              EAF      EAF       51         0
                text14                              7EC      7EC       10         0
                text13                              DE3      DE3       1F         0
                text12                              25A      25A      208         0
                text11                              462      462      1AA         0
                text10                              E43      E43       24         0
                text9                                1F       1F      23B         0
                text8                               713      713       AB         0
                text7                               60C      60C      107         0
                text6                               D8A      D8A        9         0
                text5                               E67      E67       48         0
                text4                               D9D      D9D        A         0
                text3                               E02      E02       1F         0
                text2                               E21      E21       22         0
                text1                               7BE      7BE       2E         0
                maintext                            F00      F00       70         0
                clrtext                             D84      D84        6         0

        CLASS   STRCODE        
                stringtext5                        1043     1043        5         0
                stringtext4                        1035     1035        E         0
                stringtext3                        1025     1025       10         0
                stringtext2                        1014     1014       11         0
                stringtext1                        1000     1000       14         0

        CLASS   STRING         

        CLASS   CONST          

        CLASS   ENTRY          

        CLASS   COMMON         
                cstackCOMMON                         70       70        8         1

        CLASS   BANK0          
                cstackBANK0                          20       20       4E         1

        CLASS   BANK1          
                cstackBANK1                          D2       D2       15         1
                bssBANK1                             A0       A0       32         1

        CLASS   BANK2          

        CLASS   BANK3          

        CLASS   BANK4          

        CLASS   BANK5          

        CLASS   BANK6          

        CLASS   BANK7          

        CLASS   BANK8          

        CLASS   BANK9          

        CLASS   BANK10         

        CLASS   BANK11         

        CLASS   BANK12         

        CLASS   BANK13         

        CLASS   BANK14         

        CLASS   BANK15         

        CLASS   BANK16         

        CLASS   BANK17         

        CLASS   BANK18         

        CLASS   BANK19         

        CLASS   BANK20         

        CLASS   BANK21         

        CLASS   BANK22         

        CLASS   BANK23         

        CLASS   BANK24         

        CLASS   BANK25         

        CLASS   BIGRAM         

        CLASS   RAM            

        CLASS   ABS1           
                abs_s1                               7E       7E        2         1

        CLASS   SFR0           

        CLASS   SFR1           

        CLASS   SFR2           

        CLASS   SFR3           

        CLASS   SFR4           

        CLASS   SFR5           

        CLASS   SFR6           

        CLASS   SFR7           

        CLASS   SFR8           

        CLASS   SFR9           

        CLASS   SFR10          

        CLASS   SFR11          

        CLASS   SFR12          

        CLASS   SFR13          

        CLASS   SFR14          

        CLASS   SFR15          

        CLASS   SFR16          

        CLASS   SFR17          

        CLASS   SFR18          

        CLASS   SFR19          

        CLASS   SFR20          

        CLASS   SFR21          

        CLASS   SFR22          

        CLASS   SFR23          

        CLASS   SFR24          

        CLASS   SFR25          

        CLASS   SFR26          

        CLASS   SFR27          

        CLASS   SFR28          

        CLASS   SFR29          

        CLASS   SFR30          

        CLASS   SFR31          

        CLASS   CONFIG         
                config                             8007     8007        2         4

        CLASS   IDLOC          

        CLASS   BANK31         

        CLASS   BANK30         

        CLASS   BANK29         

        CLASS   BANK28         

        CLASS   BANK27         

        CLASS   BANK26         

        CLASS   HEAP           

        CLASS   STACK          

        CLASS   EEDATA         



SEGMENTS        Name                           Load    Length   Top    Selector   Space  Class     Delta

                reset_vec                      000000  000003  000003         0       0  CODE        2
                intentry                       000004  0007F8  0007FC         8       0  CODE        2
                cstackBANK0                    000020  00004E  00006E        20       1  BANK0       1
                cstackCOMMON                   000070  000008  000078        70       1  COMMON      1
                bssBANK1                       0000A0  000047  0000E7        A0       1  BANK1       1
                clrtext                        000D84  000006  000D8A      1B08       0  CODE        2
                text6                          000D8A  000009  000D93      1B14       0  CODE        2
                text20                         000D93  00000A  000D9D      1B26       0  CODE        2
                text4                          000D9D  00000A  000DA7      1B3A       0  CODE        2
                text19                         000DA7  00001D  000DC4      1B4E       0  CODE        2
                text18                         000DC4  00001F  000DE3      1B88       0  CODE        2
                text13                         000DE3  00001F  000E02      1BC6       0  CODE        2
                text3                          000E02  00001F  000E21      1C04       0  CODE        2
                text2                          000E21  000022  000E43      1C42       0  CODE        2
                text10                         000E43  000024  000E67      1C86       0  CODE        2
                text5                          000E67  000048  000EAF      1CCE       0  CODE        2
                text15                         000EAF  000051  000F00      1D5E       0  CODE        2
                maintext                       000F00  000070  000F70      1E00       0  CODE        2
                text16                         000F70  000090  001000      1EE0       0  CODE        2
                stringtext1                    001000  000048  001048      2000       0  STRCODE     2


UNUSED ADDRESS RANGES

        Name                Unused          Largest block    Delta
        BANK0            0006E-0006F               2           1
        BANK1            000E7-000EF               9           1
        BANK10           00520-0056F              50           1
        BANK11           005A0-005EF              50           1
        BANK12           00620-0066F              50           1
        BANK13           006A0-006EF              50           1
        BANK14           00720-0076F              50           1
        BANK15           007A0-007EF              50           1
        BANK16           00820-0086F              50           1
        BANK17           008A0-008EF              50           1
        BANK18           00920-0096F              50           1
        BANK19           009A0-009EF              50           1
        BANK2            00120-0016F              50           1
        BANK20           00A20-00A6F              50           1
        BANK21           00AA0-00AEF              50           1
        BANK22           00B20-00B6F              50           1
        BANK23           00BA0-00BEF              50           1
        BANK24           00C20-00C6F              50           1
        BANK25           00CA0-00CBF              20           1
        BANK3            001A0-001EF              50           1
        BANK4            00220-0026F              50           1
        BANK5            002A0-002EF              50           1
        BANK6            00320-0036F              50           1
        BANK7            003A0-003EF              50           1
        BANK8            00420-0046F              50           1
        BANK9            004A0-004EF              50           1
        BIGRAM           02000-027EF             7F0           1
        CODE             00003-00003               1           2
                         007FC-00D83               4
                         01048-03FFF             800
        COMMON           00078-0007D               6           1
        CONST            00003-00003               1           2
                         007FC-00D83             100
                         01048-03FFF             100
        ENTRY            00003-00003               1           2
                         007FC-00D83             100
                         01048-03FFF             100
        IDLOC            08000-08003               4           2
        RAM              0006E-0006F               2           1
                         000E7-000EF               9
                         00120-0016F              50
                         001A0-001EF              50
                         00220-0026F              50
                         002A0-002EF              50
                         00320-0036F              50
                         003A0-003EF              50
                         00420-0046F              50
                         004A0-004EF              50
                         00520-0056F              50
                         005A0-005EF              50
                         00620-0066F              50
                         006A0-006EF              50
                         00720-0076F              50
                         007A0-007EF              50
                         00820-0086F              50
                         008A0-008EF              50
                         00920-0096F              50
                         009A0-009EF              50
                         00A20-00A6F              50
                         00AA0-00AEF              50
                         00B20-00B6F              50
                         00BA0-00BEF              50
                         00C20-00C6F              50
                         00CA0-00CBF              20
        SFR0             00000-0001F              20           1
        SFR1             00080-0009F              20           1
        SFR10            00500-0051F              20           1
        SFR11            00580-0059F              20           1
        SFR12            00600-0061F              20           1
        SFR13            00680-0069F              20           1
        SFR14            00700-0071F              20           1
        SFR15            00780-0079F              20           1
        SFR16            00800-0081F              20           1
        SFR17            00880-0089F              20           1
        SFR18            00900-0091F              20           1
        SFR19            00980-0099F              20           1
        SFR2             00100-0011F              20           1
        SFR20            00A00-00A1F              20           1
        SFR21            00A80-00A9F              20           1
        SFR22            00B00-00B1F              20           1
        SFR23            00B80-00B9F              20           1
        SFR24            00C00-00C1F              20           1
        SFR25            00C80-00C9F              20           1
        SFR26            00D00-00D6F              70           1
        SFR27            00D80-00DEF              70           1
        SFR28            00E00-00E6F              70           1
        SFR29            00E80-00EEF              70           1
        SFR3             00180-0019F              20           1
        SFR30            00F00-00F6F              70           1
        SFR31            00F80-00FEF              70           1
        SFR4             00200-0021F              20           1
        SFR5             00280-0029F              20           1
        SFR6             00300-0031F              20           1
        SFR7             00380-0039F              20           1
        SFR8             00400-0041F              20           1
        SFR9             00480-0049F              20           1
        STRCODE          00003-00003               1           2
                         007FC-00D83             588
                         01048-03FFF            2FB8
        STRING           00003-00003               1           2
                         007FC-00D83             100
                         01048-03FFF             100

                                  Symbol Table

?_Read_Temperature            cstackBANK0  00068
?__Umul8_16                   cstackCOMMON 00076
?___aldiv                     cstackBANK0  00020
?___fladd                     cstackBANK0  00020
?___fldiv                     cstackBANK0  0004E
?___flmul                     cstackBANK0  00034
?___xxtofl                    cstackBANK0  00020
EUSART_Initialize@baudrate    cstackBANK0  0002E
EUSART_Initialize@x           cstackBANK0  0003E
EUSART_Read_Text@Output       cstackBANK0  00021
EUSART_Read_Text@i_534        cstackBANK0  00022
EUSART_Read_Text@length       cstackCOMMON 00076
EUSART_Write@txData           cstackCOMMON 00076
EUSART_Write_Text@i           cstackBANK0  00022
EUSART_Write_Text@text        cstackBANK0  00020
Read_Temperature@celsius      cstackBANK1  000DF
Read_Temperature@conversion10 cstackBANK1  000D7
Read_Temperature@farenheit    cstackBANK1  000DB
Read_Temperature@result       cstackBANK1  000E3
_ADCON0bits                   (abs)        0009D
_ADRESH                       (abs)        0009C
_ADRESL                       (abs)        0009B
_ANSELBbits                   (abs)        0018D
_ANSELCbits                   (abs)        0018E
_ANSELDbits                   (abs)        0018F
_BRG16                        (abs)        00CFB
_BRGH                         (abs)        00CF2
_CREN                         (abs)        00CEC
_EUSART_Initialize            text15       00EAF
_EUSART_Read                  text14       007EC
_EUSART_Read_Text             text13       00DE3
_EUSART_Write                 text4        00D9D
_EUSART_Write_Text            text3        00E02
_INTCONbits                   (abs)        0000B
_INTPPSbits                   (abs)        00E10
_IRCF0                        (abs)        004CB
_IRCF1                        (abs)        004CC
_IRCF2                        (abs)        004CD
_IRCF3                        (abs)        004CE
_OPTION_REGbits               (abs)        00095
_PIR1bits                     (abs)        00011
_PPSLOCK                      (abs)        00E0F
_PPSLOCKbits                  (abs)        00E0F
_RB2PPSbits                   (abs)        00E9A
_RC1REG                       (abs)        00199
_RC1STAbits                   (abs)        0019D
_RXPPSbits                    (abs)        00E24
_Read_Temperature             text7        0060C
_SCS0                         (abs)        004C8
_SCS1                         (abs)        004C9
_SPBRGL                       (abs)        0019B
_SPEN                         (abs)        00CEF
_SPLLEN                       (abs)        004CF
_SYNC                         (abs)        00CF4
_TRISBbits                    (abs)        0008D
_TRISCbits                    (abs)        0008E
_TRISDbits                    (abs)        0008F
_TX1REG                       (abs)        0019A
_TXEN                         (abs)        00CF5
_WDTCONbits                   (abs)        00097
__H__absolute__               __absolute__ 00000
__Habs1                       abs1         00000
__Hbank0                      bank0        00000
__Hbank1                      bank1        00000
__Hbank10                     bank10       00000
__Hbank11                     bank11       00000
__Hbank12                     bank12       00000
__Hbank13                     bank13       00000
__Hbank14                     bank14       00000
__Hbank15                     bank15       00000
__Hbank16                     bank16       00000
__Hbank17                     bank17       00000
__Hbank18                     bank18       00000
__Hbank19                     bank19       00000
__Hbank2                      bank2        00000
__Hbank20                     bank20       00000
__Hbank21                     bank21       00000
__Hbank22                     bank22       00000
__Hbank23                     bank23       00000
__Hbank24                     bank24       00000
__Hbank25                     bank25       00000
__Hbank26                     bank26       00000
__Hbank27                     bank27       00000
__Hbank28                     bank28       00000
__Hbank29                     bank29       00000
__Hbank3                      bank3        00000
__Hbank30                     bank30       00000
__Hbank31                     bank31       00000
__Hbank4                      bank4        00000
__Hbank5                      bank5        00000
__Hbank6                      bank6        00000
__Hbank7                      bank7        00000
__Hbank8                      bank8        00000
__Hbank9                      bank9        00000
__Hbigram                     bigram       00000
__HbssBANK1                   bssBANK1     00000
__Hcinit                      cinit        0001F
__Hclrtext                    clrtext      00000
__Hcode                       code         00000
__Hcommon                     common       00000
__Hconfig                     config       08009
__HcstackBANK0                cstackBANK0  00000
__HcstackBANK1                cstackBANK1  00000
__HcstackCOMMON               cstackCOMMON 00000
__Heeprom_data                eeprom_data  00000
__Hend_init                   end_init     00013
__Hfunctab                    functab      00000
__Hheap                       heap         00000
__Hinit                       init         00011
__Hintentry                   intentry     00011
__Hmaintext                   maintext     00000
__Hpowerup                    powerup      00000
__Hram                        ram          00000
__Hreset_vec                  reset_vec    00003
__Hsfr0                       sfr0         00000
__Hsfr1                       sfr1         00000
__Hsfr10                      sfr10        00000
__Hsfr11                      sfr11        00000
__Hsfr12                      sfr12        00000
__Hsfr13                      sfr13        00000
__Hsfr14                      sfr14        00000
__Hsfr15                      sfr15        00000
__Hsfr16                      sfr16        00000
__Hsfr17                      sfr17        00000
__Hsfr18                      sfr18        00000
__Hsfr19                      sfr19        00000
__Hsfr2                       sfr2         00000
__Hsfr20                      sfr20        00000
__Hsfr21                      sfr21        00000
__Hsfr22                      sfr22        00000
__Hsfr23                      sfr23        00000
__Hsfr24                      sfr24        00000
__Hsfr25                      sfr25        00000
__Hsfr26                      sfr26        00000
__Hsfr27                      sfr27        00000
__Hsfr28                      sfr28        00000
__Hsfr29                      sfr29        00000
__Hsfr3                       sfr3         00000
__Hsfr30                      sfr30        00000
__Hsfr31                      sfr31        00000
__Hsfr4                       sfr4         00000
__Hsfr5                       sfr5         00000
__Hsfr6                       sfr6         00000
__Hsfr7                       sfr7         00000
__Hsfr8                       sfr8         00000
__Hsfr9                       sfr9         00000
__Hspace_0                    (abs)        01048
__Hspace_1                    (abs)        000E7
__Hspace_2                    (abs)        00000
__Hspace_3                    (abs)        00000
__Hspace_4                    (abs)        10010
__Hstack                      stack        00000
__Hstrings                    strings      00000
__Hstringtext1                stringtext1  00000
__Hstringtext2                stringtext2  00000
__Hstringtext3                stringtext3  00000
__Hstringtext4                stringtext4  00000
__Hstringtext5                stringtext5  00000
__Hstringtext6                stringtext6  00000
__Htext                       text         00000
__L__absolute__               __absolute__ 00000
__Labs1                       abs1         00000
__Lbank0                      bank0        00000
__Lbank1                      bank1        00000
__Lbank10                     bank10       00000
__Lbank11                     bank11       00000
__Lbank12                     bank12       00000
__Lbank13                     bank13       00000
__Lbank14                     bank14       00000
__Lbank15                     bank15       00000
__Lbank16                     bank16       00000
__Lbank17                     bank17       00000
__Lbank18                     bank18       00000
__Lbank19                     bank19       00000
__Lbank2                      bank2        00000
__Lbank20                     bank20       00000
__Lbank21                     bank21       00000
__Lbank22                     bank22       00000
__Lbank23                     bank23       00000
__Lbank24                     bank24       00000
__Lbank25                     bank25       00000
__Lbank26                     bank26       00000
__Lbank27                     bank27       00000
__Lbank28                     bank28       00000
__Lbank29                     bank29       00000
__Lbank3                      bank3        00000
__Lbank30                     bank30       00000
__Lbank31                     bank31       00000
__Lbank4                      bank4        00000
__Lbank5                      bank5        00000
__Lbank6                      bank6        00000
__Lbank7                      bank7        00000
__Lbank8                      bank8        00000
__Lbank9                      bank9        00000
__Lbigram                     bigram       00000
__LbssBANK1                   bssBANK1     00000
__Lcinit                      cinit        00013
__Lclrtext                    clrtext      00000
__Lcode                       code         00000
__Lcommon                     common       00000
__Lconfig                     config       00000
__LcstackBANK0                cstackBANK0  00000
__LcstackBANK1                cstackBANK1  00000
__LcstackCOMMON               cstackCOMMON 00000
__Leeprom_data                eeprom_data  00000
__Lend_init                   end_init     00011
__Lfunctab                    functab      00000
__Lheap                       heap         00000
__Linit                       init         00011
__Lintentry                   intentry     00004
__Lmaintext                   maintext     00000
__Lpowerup                    powerup      00000
__Lram                        ram          00000
__Lreset_vec                  reset_vec    00000
__Lsfr0                       sfr0         00000
__Lsfr1                       sfr1         00000
__Lsfr10                      sfr10        00000
__Lsfr11                      sfr11        00000
__Lsfr12                      sfr12        00000
__Lsfr13                      sfr13        00000
__Lsfr14                      sfr14        00000
__Lsfr15                      sfr15        00000
__Lsfr16                      sfr16        00000
__Lsfr17                      sfr17        00000
__Lsfr18                      sfr18        00000
__Lsfr19                      sfr19        00000
__Lsfr2                       sfr2         00000
__Lsfr20                      sfr20        00000
__Lsfr21                      sfr21        00000
__Lsfr22                      sfr22        00000
__Lsfr23                      sfr23        00000
__Lsfr24                      sfr24        00000
__Lsfr25                      sfr25        00000
__Lsfr26                      sfr26        00000
__Lsfr27                      sfr27        00000
__Lsfr28                      sfr28        00000
__Lsfr29                      sfr29        00000
__Lsfr3                       sfr3         00000
__Lsfr30                      sfr30        00000
__Lsfr31                      sfr31        00000
__Lsfr4                       sfr4         00000
__Lsfr5                       sfr5         00000
__Lsfr6                       sfr6         00000
__Lsfr7                       sfr7         00000
__Lsfr8                       sfr8         00000
__Lsfr9                       sfr9         00000
__Lspace_0                    (abs)        00000
__Lspace_1                    (abs)        00000
__Lspace_2                    (abs)        00000
__Lspace_3                    (abs)        00000
__Lspace_4                    (abs)        00000
__Lstack                      stack        00000
__Lstrings                    strings      00000
__Lstringtext1                stringtext1  00000
__Lstringtext2                stringtext2  00000
__Lstringtext3                stringtext3  00000
__Lstringtext4                stringtext4  00000
__Lstringtext5                stringtext5  00000
__Lstringtext6                stringtext6  00000
__Ltext                       text         00000
__S0                          (abs)        01048
__S1                          (abs)        000E7
__Umul8_16                    text10       00E43
__Umul8_16@multiplicand       cstackCOMMON 00076
__Umul8_16@multiplier         cstackBANK0  00026
__Umul8_16@product            cstackBANK0  00022
__Umul8_16@word_mpld          cstackBANK0  00024
___aldiv                      text16       00F70
___aldiv@counter              cstackBANK0  00028
___aldiv@dividend             cstackBANK0  00024
___aldiv@divisor              cstackBANK0  00020
___aldiv@quotient             cstackBANK0  0002A
___aldiv@sign                 cstackBANK0  00029
___fladd                      text12       0025A
___fladd@a                    cstackBANK0  00024
___fladd@aexp                 cstackBANK0  00031
___fladd@b                    cstackBANK0  00020
___fladd@bexp                 cstackBANK0  00032
___fladd@grs                  cstackBANK0  00033
___fladd@signs                cstackBANK0  00030
___fldiv                      text11       00462
___fldiv@a                    cstackBANK0  0004E
___fldiv@aexp                 cstackBANK0  00067
___fldiv@b                    cstackBANK0  00052
___fldiv@bexp                 cstackBANK0  00066
___fldiv@grs                  cstackBANK0  00062
___fldiv@new_exp              cstackBANK0  00060
___fldiv@rem                  cstackBANK0  0005B
___fldiv@sign                 cstackBANK0  0005F
___flmul                      text9        0001F
___flmul@a                    cstackBANK0  00038
___flmul@aexp                 cstackBANK0  00046
___flmul@b                    cstackBANK0  00034
___flmul@bexp                 cstackBANK0  00047
___flmul@grs                  cstackBANK0  00042
___flmul@prod                 cstackBANK0  00048
___flmul@sign                 cstackBANK0  00041
___flmul@temp                 cstackBANK0  0004C
___heap_hi                    (abs)        00000
___heap_lo                    (abs)        00000
___int_sp                     stack        00000
___int_stack_hi               stack        00000
___int_stack_lo               stack        00000
___latbits                    (abs)        00003
___sp                         stack        00000
___stack_hi                   stack        00000
___stack_lo                   stack        00000
___stackhi                    (abs)        00000
___stacklo                    (abs)        00000
___xxtofl                     text8        00713
___xxtofl@arg                 cstackBANK0  0002A
___xxtofl@exp                 cstackBANK0  00029
___xxtofl@sign                cstackBANK0  00028
___xxtofl@val                 cstackBANK0  00020
__end_of_EUSART_Initialize    text15       00F00
__end_of_EUSART_Read          text14       007FC
__end_of_EUSART_Read_Text     text13       00E02
__end_of_EUSART_Write         text4        00DA7
__end_of_EUSART_Write_Text    text3        00E21
__end_of_Read_Temperature     text7        00713
__end_of__Umul8_16            text10       00E67
__end_of___aldiv              text16       01000
__end_of___fladd              text12       00462
__end_of___fldiv              text11       0060C
__end_of___flmul              text9        0025A
__end_of___xxtofl             text8        007BE
__end_of__initialization      cinit        0001B
__end_of_initMain             text5        00EAF
__end_of_internal_16          text6        00D93
__end_of_isr                  intentry     00011
__end_of_main                 maintext     00F70
__end_of_server_Initialize    text2        00E43
__end_of_strcat               text1        007EC
__end_ofi1_EUSART_Write       text20       00D9D
__end_ofi1_EUSART_Write_Text  text19       00DC4
__end_ofi1_server_Initialize  text18       00DE3
__initialization              cinit        00013
__pbssBANK1                   bssBANK1     000A0
__pcstackBANK0                cstackBANK0  00020
__pcstackBANK1                cstackBANK1  000D2
__pcstackCOMMON               cstackCOMMON 00070
__pintentry                   intentry     00004
__pmaintext                   maintext     00F00
__pstringtext1                stringtext1  01000
__pstringtext2                stringtext2  01014
__pstringtext3                stringtext3  01025
__pstringtext4                stringtext4  01035
__pstringtext5                stringtext5  01043
__pstringtext6                stringtext6  00000
__ptext1                      text1        007BE
__ptext10                     text10       00E43
__ptext11                     text11       00462
__ptext12                     text12       0025A
__ptext13                     text13       00DE3
__ptext14                     text14       007EC
__ptext15                     text15       00EAF
__ptext16                     text16       00F70
__ptext18                     text18       00DC4
__ptext19                     text19       00DA7
__ptext2                      text2        00E21
__ptext20                     text20       00D93
__ptext3                      text3        00E02
__ptext4                      text4        00D9D
__ptext5                      text5        00E67
__ptext6                      text6        00D8A
__ptext7                      text7        0060C
__ptext8                      text8        00713
__ptext9                      text9        0001F
_buf                          bssBANK1     000A0
_initMain                     text5        00E67
_internal_16                  text6        00D8A
_isr                          intentry     00004
_main                         maintext     00F00
_server_Initialize            text2        00E21
_strcat                       text1        007BE
btemp                         (abs)        0007E
clear_ram0                    clrtext      00D84
end_of_initialization         cinit        0001B
i1EUSART_Write@txData         cstackCOMMON 00070
i1EUSART_Write_Text@i         cstackCOMMON 00074
i1EUSART_Write_Text@text      cstackCOMMON 00071
i1_EUSART_Write               text20       00D93
i1_EUSART_Write_Text          text19       00DA7
i1_server_Initialize          text18       00DC4
int$flags                     (abs)        0007E
intlevel0                     functab      00000
intlevel1                     functab      00000
intlevel2                     functab      00000
intlevel3                     functab      00000
intlevel4                     functab      00000
intlevel5                     functab      00000
reset_vec                     reset_vec    00000
start                         init         00011
start_initialization          cinit        00013
strcat@dest                   cstackBANK0  00020
strcat@i                      cstackCOMMON 00076
strcat@src                    cstackBANK0  00022
wtemp0                        (abs)        0007E


MODULE INFORMATION

Module		Function		Class		Link	Load	Size
C:\Program Files\Microchip\xc8\v2.45\pic\sources\c99\common\aldiv.c
		___aldiv       		CODE           	0F70	0000	144

C:\Program Files\Microchip\xc8\v2.45\pic\sources\c99\common\aldiv.c estimated size: 144

EUSART.c
		_EUSART_Read   		CODE           	07EC	0000	16
		_EUSART_Write  		CODE           	0D9D	0000	10
		_EUSART_Read_Text		CODE           	0DE3	0000	31
		_EUSART_Initialize		CODE           	0EAF	0000	81
		_EUSART_Write_Text		CODE           	0E02	0000	31

EUSART.c estimated size: 169

C:\Program Files\Microchip\xc8\v2.45\pic\sources\c99\common\sprcmul.c
		___flmul       		CODE           	001F	0000	571

C:\Program Files\Microchip\xc8\v2.45\pic\sources\c99\common\sprcmul.c estimated size: 571

C:\Program Files\Microchip\xc8\v2.45\pic\sources\c99\common\sprcdiv.c
		___fldiv       		CODE           	0462	0000	426

C:\Program Files\Microchip\xc8\v2.45\pic\sources\c99\common\sprcdiv.c estimated size: 426

C:\Program Files\Microchip\xc8\v2.45\pic\sources\c99\common\strcat.c
		_strcat        		CODE           	07BE	0000	46

C:\Program Files\Microchip\xc8\v2.45\pic\sources\c99\common\strcat.c estimated size: 46

shared
		i1_server_Initialize		CODE           	0DC4	0000	31
		i1_EUSART_Write		CODE           	0D93	0000	10
		__initialization		CODE           	0013	0000	8
		i1_EUSART_Write_Text		CODE           	0DA7	0000	29

shared estimated size: 78

C:\Program Files\Microchip\xc8\v2.45\pic\sources\c99\common\xxtofl.c
		___xxtofl      		CODE           	0713	0000	171

C:\Program Files\Microchip\xc8\v2.45\pic\sources\c99\common\xxtofl.c estimated size: 171

PIC16F1719_Internal.c
		_internal_16   		CODE           	0D8A	0000	9

PIC16F1719_Internal.c estimated size: 9

C:\Program Files\Microchip\xc8\v2.45\pic\sources\c99\common\Umul8_16.c
		__Umul8_16     		CODE           	0E43	0000	36

C:\Program Files\Microchip\xc8\v2.45\pic\sources\c99\common\Umul8_16.c estimated size: 36

C:\Program Files\Microchip\xc8\v2.45\pic\sources\c99\common\sprcadd.c
		___fladd       		CODE           	025A	0000	520

C:\Program Files\Microchip\xc8\v2.45\pic\sources\c99\common\sprcadd.c estimated size: 520

main.c
		_main          		CODE           	0F00	0000	112
		_isr           		CODE           	0004	0000	13
		_Read_Temperature		CODE           	060C	0000	263
		_server_Initialize		CODE           	0E21	0000	34
		_initMain      		CODE           	0E67	0000	72

main.c estimated size: 494

