MPLINK 5.08, LINKER
Linker Map File - Created Mon Aug 28 00:41:18 2017

                                 Section Info
                  Section       Type    Address   Location Size(Bytes)
                ---------  ---------  ---------  ---------  ---------
                 RES_VECT       code   0x000000    program   0x000002
                   .cinit    romdata   0x000001    program   0x000004
                MAIN_PROG       code   0x000003    program   0x000026
.config_0FFF_BUILD/DEFAULT/PRODUCTION/MAIN.O       code   0x000fff    program   0x000002
                   .udata      udata   0x000010       data   0x000003



                              Program Memory Usage 
                               Start         End      
                           ---------   ---------      
                            0x000000    0x000015      
                            0x000fff    0x000fff      
            23 out of 1029 program addresses used, program memory utilization is 2%



                              Symbols - Sorted by Name
                     Name    Address   Location    Storage File                     
                ---------  ---------  ---------  --------- ---------                
                MAIN_LOOP   0x000006    program     static C:\Users\armst\Desktop\PIC16F506 Projects\A02_BLINK.X\main.asm
                    START   0x000003    program     static C:\Users\armst\Desktop\PIC16F506 Projects\A02_BLINK.X\main.asm
                     dly1   0x00000d    program     static C:\Users\armst\Desktop\PIC16F506 Projects\A02_BLINK.X\main.asm
                     dly2   0x000010    program     static C:\Users\armst\Desktop\PIC16F506 Projects\A02_BLINK.X\main.asm
                      dc1   0x000011       data     static C:\Users\armst\Desktop\PIC16F506 Projects\A02_BLINK.X\main.asm
                      dc2   0x000012       data     static C:\Users\armst\Desktop\PIC16F506 Projects\A02_BLINK.X\main.asm
                     sREG   0x000010       data     static C:\Users\armst\Desktop\PIC16F506 Projects\A02_BLINK.X\main.asm



                              Symbols - Sorted by Address
                     Name    Address   Location    Storage File                     
                ---------  ---------  ---------  --------- ---------                
                    START   0x000003    program     static C:\Users\armst\Desktop\PIC16F506 Projects\A02_BLINK.X\main.asm
                MAIN_LOOP   0x000006    program     static C:\Users\armst\Desktop\PIC16F506 Projects\A02_BLINK.X\main.asm
                     dly1   0x00000d    program     static C:\Users\armst\Desktop\PIC16F506 Projects\A02_BLINK.X\main.asm
                     dly2   0x000010    program     static C:\Users\armst\Desktop\PIC16F506 Projects\A02_BLINK.X\main.asm
                     sREG   0x000010       data     static C:\Users\armst\Desktop\PIC16F506 Projects\A02_BLINK.X\main.asm
                      dc1   0x000011       data     static C:\Users\armst\Desktop\PIC16F506 Projects\A02_BLINK.X\main.asm
                      dc2   0x000012       data     static C:\Users\armst\Desktop\PIC16F506 Projects\A02_BLINK.X\main.asm


